[tweem.com/index.html]
[backblue.gif]
[fade.gif]
[index.html]
[tweem.com/dam/worktime/favicon.png]
[tweem.com/.resources/vbote-worktime-module/webresources/css/font-awesome.min.css]
[cdnjs.cloudflare.com/ajax/libs/font-awesome/6.4.2/css/fontawesome.min.css]
[cdnjs.cloudflare.com/ajax/libs/font-awesome/6.4.2/css/brands.min.css]
[cdnjs.cloudflare.com/ajax/libs/font-awesome/6.4.2/css/solid.min.css]
[tweem.com/.resources/vbote-worktime-module/webresources/css/elegant-font-icons.css]
[tweem.com/.resources/vbote-worktime-module/webresources/css/elegant-line-icons.css]
[tweem.com/.resources/vbote-worktime-module/webresources/css/bootstrap.min.css]
[tweem.com/.resources/vbote-worktime-module/webresources/css/animate.min.css]
[tweem.com/.resources/vbote-worktime-module/webresources/css/venobox.css]
[tweem.com/.resources/vbote-worktime-module/webresources/css/owl.carousel.css]
[tweem.com/.resources/vbote-worktime-module/webresources/css/main.css]
[tweem.com/.resources/vbote-worktime-module/webresources/css/responsive.css]
[tweem.com/.resources/vbote-worktime-module/webresources/css/worktime-grid.css]
[tweem.com/.resources/vbote-worktime-module/webresources/js/vendor/modernizr-2.8.3-respond-1.4.2.min.js]
[ajax.googleapis.com/ajax/libs/jquery/3.4.1/jquery.min.js]
[cdnjs.cloudflare.com/ajax/libs/popper.js/1.14.7/umd/popper.min.js]
[maxcdn.bootstrapcdn.com/bootstrap/4.3.1/js/bootstrap.min.js]
[js.hs-scripts.com/6580940.js]
[mc.yandex.ru/metrika/tag.js]
[tweem.com/en.html]
[tweem.com/que-es-tweem.html]
[tweem.com/funcionalidades-tweem.html]
[tweem.com/funcionalidades-registro-jornada.html]
[tweem.com/funcionalidades-documentos.html]
[tweem.com/funcionalidades-firma-documentos.html]
[tweem.com/funcionalidades-solicitudes.html]
[tweem.com/funcionalidades-vacaciones.html]
[tweem.com/funcionalidades-comunicacion-interna.html]
[tweem.com/funcionalidades-encuestas.html]
[tweem.com/funcionalidades-colaboracion.html]
[tweem.com/funcionalidades-evaluacion-desempeno.html]
[tweem.com/funcionalidades-informes-personalizados.html]
[tweem.com/funcionalidades-planificacion-proyectos.html]
[tweem.com/funcionalidades-automatizacion-y-api-integracion.html]
[tweem.com/tarifas-tweem.html]
[tweem.com/tweem-academy.html]
[tweem.com/home-blog.html]
[tweem.com/kit-digital-ayudas-empresa-digitalizacion-pyme.html]
[tweem.com/formulario-comenzar-tweem.html]
[tweem.com/dam/worktime/hero-2.jpg]
[tweem.com/dam/worktime/shap.png]
[tweem.com/contacto-partners.html]
[tweem.com/dam/worktime/banner-acelera.jpg]
[tweem.com/dam/worktime/feature-moc.png]
[tweem.com/dam/worktime/book-cover-01.png]
[tweem.com/dam/worktime/laptop-phone.png]
[tweem.com/dam/worktime/google-play.png]
[tweem.com/dam/worktime/app-store.png]
[tweem.com/dam/worktime/desktop-home.png]
[tweem.com/dam/worktime/kiosco-worktime-home.png]
[tweem.com/detalle-noticia/dynacontent/beneficios-clave-de-la-planificacion-de-horarios-y-turnos-de-tweem-.html]
[tweem.com/detalle-noticia/dynacontent/calendario-laboral-de-2024-de-la-region-de-murcia-dias-festivos-nacionales-y-regionales.html]
[tweem.com/.imaging/mte/bootstrap-framework/half/dam/tweem-blog/imagenes-2023/beneficios-clave-de-la-planificacion-de-horario/jcr_content/beneficios-clave-de-la-planificacion-de-horarios-y-turno]
[tweem.com/.imaging/mte/bootstrap-framework/half/dam/tweem-blog/imagenes/2023/calendario-laboral-murcia-2024_700x394.jpg/jcr_content/calendario laboral murcia 2024_700x394.jpg]
[tweem.com/detalle-noticia/dynacontent/gestion-calendarios-turnos-tweem-semana-laboral.html]
[tweem.com/.imaging/mte/bootstrap-framework/half/dam/tweem-blog/imagenes-2023/eric-rothermel-FoKO4DpXamQ-unsplash-min.jpg/jcr_content/eric-rothermel-FoKO4DpXamQ-unsplash-min.jpg]
[tweem.com/funcionalidades-integracion.html]
[tweem.com/faqs-tweem.html]
[tweem.com/contacto-tweem.html]
[tweem.com/aviso-legal-tweem.html]
[tweem.com/politica-cookies-tweem.html]
[tweem.com/politica-privacidad-tweem.html]
[tweem.com/politica-de-uso-web.html]
[tweem.com/dam/worktime/cookies-img.png]
[tweem.com/.resources/vbote-worktime-module/webresources/js/vendor/jquery-1.12.4.min.js]
[tweem.com/.resources/vbote-worktime-module/webresources/js/vendor/waypoints.min.js]
[tweem.com/.resources/vbote-worktime-module/webresources/js/vendor/bootstrap.min.js]
[tweem.com/.resources/vbote-worktime-module/webresources/js/vendor/owl.carousel.min.js]
[tweem.com/.resources/vbote-worktime-module/webresources/js/vendor/smooth-scroll.min.js]
[tweem.com/.resources/vbote-worktime-module/webresources/js/vendor/venobox.min.js]
[tweem.com/.resources/vbote-worktime-module/webresources/js/vendor/jquery.counterup.min.js]
[tweem.com/.resources/vbote-worktime-module/webresources/js/vendor/jquery.ajaxchimp.min.js]
[tweem.com/.resources/vbote-worktime-module/webresources/js/vendor/wow.min.js]
[tweem.com/.resources/vbote-worktime-module/webresources/js/main.js]
[cdnjs.cloudflare.com/ajax/libs/font-awesome/6.4.2/js/fontawesome.min.js]
[cdnjs.cloudflare.com/ajax/libs/font-awesome/6.4.2/js/brands.min.js]
[tweem.com/index.html]
[cdnjs.cloudflare.com/ajax/libs/font-awesome/6.4.2/js/solid.min.js]
[tweem.com/.resources/vbote-worktime-module/webresources/fonts/fontawesome-webfont3e6e.eot]
[tweem.com/.resources/vbote-worktime-module/webresources/fonts/fontawesome-webfontd41d.eot]
[tweem.com/.resources/vbote-worktime-module/webresources/fonts/fontawesome-webfont3e6e.woff]
[tweem.com/.resources/vbote-worktime-module/webresources/fonts/fontawesome-webfont3e6e.html]
[tweem.com/.resources/vbote-worktime-module/webresources/fonts/fontawesome-webfont3e6e.ttf]
[tweem.com/.resources/vbote-worktime-module/webresources/css/font-awesome.min.css]
[cdnjs.cloudflare.com/ajax/libs/font-awesome/6.4.2/css/fontawesome.min.css]
[cdnjs.cloudflare.com/ajax/libs/font-awesome/6.4.2/css/brands.min.css]
[cdnjs.cloudflare.com/ajax/libs/font-awesome/6.4.2/css/solid.min.css]
[tweem.com/.resources/vbote-worktime-module/webresources/fonts/ElegantIcons.woff]
[tweem.com/.resources/vbote-worktime-module/webresources/css/elegant-font-icons.css]
[tweem.com/.resources/vbote-worktime-module/webresources/fonts/et-line.woff]
[tweem.com/.resources/vbote-worktime-module/webresources/css/elegant-line-icons.css]
[tweem.com/.resources/vbote-worktime-module/webresources/fonts/glyphicons-halflings-regular.eot]
[tweem.com/.resources/vbote-worktime-module/webresources/fonts/glyphicons-halflings-regulard41d.eot]
[tweem.com/.resources/vbote-worktime-module/webresources/fonts/glyphicons-halflings-regular.woff]
[tweem.com/.resources/vbote-worktime-module/webresources/fonts/glyphicons-halflings-regular.ttf]
[tweem.com/.resources/vbote-worktime-module/webresources/css/bootstrap.min.css]
[tweem.com/.resources/vbote-worktime-module/webresources/css/animate.min.css]
[tweem.com/.resources/vbote-worktime-module/webresources/css/venobox.css]
[tweem.com/.resources/vbote-worktime-module/webresources/css/owl.carousel.css]
[tweem.com/dam/worktime/bg-academy.jpg]
[worktime.center/dam/worktime/screens-showcase-2.png]
[worktime.center/dam/worktime/feature-bg.jpg]
[worktime.center/dam/worktime/pexels-photo-92903.jpg]
[tweem.com/.resources/vbote-worktime-module/webresources/css/main.css]
[tweem.com/.resources/vbote-worktime-module/webresources/css/responsive.css]
[tweem.com/.resources/vbote-worktime-module/webresources/css/worktime-grid.css]
[tweem.com/en/home-blog.html]
[tweem.com/en/starts-form-tweem.html]
[tweem.com/dam/worktime/new-bg-content.png]
[tweem.com/dam/worktime/en/screens-showcase-2.png]
[tweem.com/dam/worktime/bg-banner-big.png]
[tweem.com/en/contact-partners.html]
[tweem.com/dam/worktime/en/feature-moc.png]
[tweem.com/dam/worktime/en/laptop-phone.png]
[tweem.com/dam/worktime/en/google-play.png]
[tweem.com/dam/worktime/en/app-store.png]
[tweem.com/dam/worktime/en/desktop-home.png]
[tweem.com/dam/worktime/en/kiosco-worktime-home.png]
[tweem.com/dam/worktime/bg-banner.png]
[tweem.com/en/legal-notice-tweem.html]
[tweem.com/en/privacy-policy-tweem.html]
[tweem.com/en.html]
[tweem.com/.resources/vbote-worktime-module/webresources/images/preloader.svg]
[tweem.com/.resources/vbote-worktime-module/webresources/images/logo-tweem-blanco.svg]
[tweem.com/en/website-use-policy.html]
[tweem.com/dam/worktime/screens-showcase-2.png]
[tweem.com/dam/worktime/iPhone-X-mockup-01.png]
[tweem.com/que-es-tweem.html]
[tweem.com/dam/worktime/vacaciones-calendario-laptop.png]
[tweem.com/dam/worktime/kiosko-worktime.jpg]
[tweem.com/dam/worktime/funcionalidad-documentos.jpg]
[tweem.com/dam/worktime/funcionalidad-firma-documentos.jpg]
[tweem.com/dam/worktime/funcionalidad-solicitudes.jpg]
[tweem.com/dam/worktime/funcionalidad-vacaciones.jpg]
[tweem.com/dam/worktime/funcionalidad-comunicacion.jpg]
[tweem.com/dam/worktime/funcionalidad-encuesta.jpg]
[tweem.com/dam/worktime/funcionalidad-chat.jpg]
[tweem.com/dam/worktime/funcionalidad-evaluacion.jpg]
[tweem.com/dam/worktime/funcionalidad-informes.jpg]
[tweem.com/dam/worktime/funcionalidad-planificacion.jpg]
[tweem.com/dam/worktime/automatizacion-01.jpg]
[tweem.com/funcionalidades-tweem.html]
[tweem.com/dam/worktime/bg-vertical-banner.png]
[tweem.com/dam/worktime/contact-image.png]
[tweem.com/funcionalidades-registro-jornada.html]
[tweem.com/funcionalidades-documentos.html]
[tweem.com/funcionalidades-firma-documentos.html]
[tweem.com/dam/worktime/ayuda/infografia-solicitudes.png]
[tweem.com/funcionalidades-solicitudes.html]
[tweem.com/funcionalidades-vacaciones.html]
[tweem.com/funcionalidades-comunicacion-interna.html]
[tweem.com/funcionalidades-encuestas.html]
[tweem.com/funcionalidades-colaboracion.html]
[tweem.com/funcionalidades-evaluacion-desempeno.html]
[tweem.com/funcionalidades-informes-personalizados.html]
[tweem.com/funcionalidades-planificacion-proyectos.html]
[tweem.com/dam/worktime/automatizacion-02.jpg]
[tweem.com/dam/worktime/automatizacion-03.jpg]
[tweem.com/dam/worktime/api-integration-concept.png]
[tweem.com/funcionalidades-automatizacion-y-api-integracion.html]
[tweem.com/tarifas-tweem.html]
[js.hsforms.net/forms/shell.js]
[tweem.com/tweem-academy.html]
[tweem.com/tweem-academy-detalle3768.html]
[tweem.com/.resources/vbote-worktime-module/webresources/css/blog.css]
[tweem.com/detalle-noticia/dynacontent/calendario-laboral-de-2024-de-andalucia-dias-festivos-nacionales-y-regionales.html]
[tweem.com/.imaging/mte/bootstrap-framework/half/dam/tweem-blog/imagenes-2023/calendario-laboral-2024_rotulador_711x400.png/jcr_content/calendario-laboral-2024_rotulador_711x400.png]
[tweem.com/detalle-noticia/dynacontent/como-simplificar-gestion-gastos-viaje-dietas-con-tweem.html]
[tweem.com/.imaging/mte/bootstrap-framework/half/dam/tweem-blog/imagenes-2023/gastos-viaje.jpeg/jcr_content/gastos viaje.jpg]
[tweem.com/detalle-noticia/dynacontent/calendario-laboral-de-2024-de-la-comunidad-valenciana,-dias-festivos-nacionales-y-regionales.html]
[tweem.com/.imaging/mte/bootstrap-framework/half/dam/tweem-blog/imagenes/2023/calendario-laboral-comunitat-valenciana_700x393/jcr_content/calendario laboral comunitat valenciana_700x393.a1.delay]
[tweem.com/detalle-noticia/dynacontent/calendario-laboral-de-2024-de-la-comunidad-de-madrid-dias-festivos-nacionales-y-regionales.html]
[tweem.com/.imaging/mte/bootstrap-framework/half/dam/tweem-blog/imagenes/2023/calendario-laboral-2024-Madrid_720x433.png/jcr_content/calendario-laboral-2024-Madrid_720x433.png]
[tweem.com/detalle-noticia/dynacontent/calendario-laboral-de-2024-de-catalunya,-dias-festivos-nacionales-y-regionales.html]
[tweem.com/.imaging/mte/bootstrap-framework/half/dam/tweem-blog/imagenes/2023/calendari_laboral_catalunya_2024_709x420.jpg/jcr_content/calendari_laboral_catalunya_2024_709x420.jpg]
[tweem.com/detalle-noticia/dynacontent/calendario-laboral-2024-dias-festivos-nacionales-regionales.html]
[tweem.com/.imaging/mte/bootstrap-framework/half/dam/tweem-blog/imagenes-2023/towfiqu-barbhuiya-bwOAixLG0uc-unsplash-min.jpg/jcr_content/towfiqu-barbhuiya-bwOAixLG0uc-unsplash-min.jpg]
[tweem.com/detalle-noticia/dynacontent/firma-digital-documentos-recursos-humanos-tweem.html]
[tweem.com/.imaging/mte/bootstrap-framework/half/dam/tweem-blog/imagenes-2023/damian-zaleski-RYyr-k3Ysqg-unsplash-min.jpg/jcr_content/damian-zaleski-RYyr-k3Ysqg-unsplash-min.jpg]
[tweem.com/detalle-noticia/dynacontent/lnvitamos-al-showroom-de-la-oap-de-femeval-sobre-tweem-portal-del-empleado-en-la-nube-que-facilita-la-gestion-de-tu-equipo.html]
[tweem.com/detalle-noticia/dynacontent/fomentar-cultura-empresarial-con-tweem.html]
[tweem.com/detalle-noticia/dynacontent/gestiona-permisos-retribuidos-para-cuidar-familiares.html]
[tweem.com/detalle-noticia/dynacontent/imputar-horas-gastos-proyectos-gestion.html]
[tweem.com/detalle-noticia/dynacontent/software-rrhh-para-optimizar-planificacion-horarios-turnos-trabajo.html]
[tweem.com/detalle-noticia/dynacontent/la-importancia-de-la-gestion-del-talento-en-la-productividad-de-tu-empresa-y-como-nuestro-software-de-rrhh-puede-ayudarte.html]
[tweem.com/detalle-noticia/dynacontent/importancia-buen-software-gestion-empleados.html]
[tweem.com/detalle-noticia/dynacontent/ley-de-familias-como-va-a-afectar-a-tu-empresa.html]
[tweem.com/detalle-noticia/dynacontent/consejos-mejorar-gestion-empleados-aumentar-productividad-empresa.html]
[tweem.com/detalle-noticia/dynacontent/gestion-de-documentos-de-conductores-y-otros-empleados-en-empresas-de-transporte.html]
[tweem.com/detalle-noticia/dynacontent/os-invitamos-al-showroom-en-oap-femeval---tweem--el-portal-del-empleado-en-la-nube-que-facilita-la-gestion-de-tu-equipo.html]
[tweem.com/detalle-noticia/dynacontent/como-afecta-la-nueva-ley-de-proteccion-de-personas-denunciantes-whistleblowing-a-las-empresas.html]
[tweem.com/detalle-noticia/dynacontent/obligaciones-legales-para-las-empresas-en-materia-de-libertad-sexual-e-igualdad-entre-mujeres-y-hombres.html]
[tweem.com/detalle-noticia/dynacontent/calendario-laboral-de-2023-dias-festivos-nacionales-y-regionales.html]
[tweem.com/detalle-noticia/dynacontent/como-crear-un-formulario-de-evaluacion-del-desempeno-2-parte---contenidos-y-preguntas-a-incluir.html]
[tweem.com/detalle-noticia/dynacontent/como-crear-un-formulario-de-evaluacion-del-desempeno-i---formulario-de-evaluacion-del-desempeno--que-es,-ventajas-y-tipos.html]
[tweem.com/detalle-noticia/dynacontent/el-kit-digital-subvenciona-la-digitalizacion-de-los-recursos-humanos-de-tu-empresa.html]
[tweem.com/detalle-noticia/dynacontent/nuevo-asistente-planificacion--como-realizar-un-cuadrante-de-turnos-en-tu-empresa.html]
[tweem.com/detalle-noticia/dynacontent/-criterios-generales-sobre-el-uso-de-mascarillas-en-lugares-de-trabajo.html]
[tweem.com/detalle-noticia/dynacontent/como-implantar-un-plan-de-igualdad-en-tu-empresa.html]
[tweem.com/detalle-noticia/dynacontent/existe-una-buena-comunicacion-interna-en-tu-empresa.html]
[tweem.com/detalle-noticia/dynacontent/agiliza-tu-departamento-de-rrhh-con-la-firma-digital.html]
[tweem.com/detalle-noticia/dynacontent/conoce-los-5-post-sobre-recursos-humanos-mas-leidos-este-2021.html]
[tweem.com/detalle-noticia/dynacontent/te-invitamos-al-showroom-sobre-nuestro-software-de-recursos-humanos-en-la-nube-tweem-.html]
[tweem.com/detalle-noticia/dynacontent/top-5-mejores-blogs-de-recursos-humanos-de-2021.html]
[tweem.com/detalle-noticia/dynacontent/calendario-laboral-de-2022-de-espana-por-provincias-con-festivos-nacionales-y-regionales.html]
[tweem.com/detalle-noticia/dynacontent/calendario-laboral-de-2022-de-la-comunitat-valenciana.html]
[tweem.com/detalle-noticia/dynacontent/evaluacion-del-desempeno-que-es-y-como-crear-un-sistema-para-tu-empresa.html]
[tweem.com/detalle-noticia/dynacontent/quieres-mejorar-el-clima-laboral-de-tu-empresa-te-damos-las-herramientas-para-hacerlo.html]
[tweem.com/detalle-noticia/dynacontent/envia-automaticamente-todas-las-nominas-de-tu-empresa-desde-un-unico-archivo-pdf.html]
[tweem.com/detalle-noticia/dynacontent/consideraciones-a-la-hora-de-elegir-un-software-de-fichaje-de-personal-para-mi-empresa.html]
[tweem.com/detalle-noticia/dynacontent/8-tips-de-gestion-del-tiempo-para-ganar-productividad-en-tus-proyectos.html]
[tweem.com/detalle-noticia/dynacontent/la-comunicacion-empresarial-desde-el-area-de-recursos-humanos.html]
[tweem.com/detalle-noticia/dynacontent/una-app-de-control-de-gastos-para-tus-proyectos.html]
[tweem.com/detalle-noticia/dynacontent/firma-digital-de-documentos-para-contratos-nominas-circulares.html]
[tweem.com/detalle-noticia/dynacontent/cual-es-el-objetivo-de-la-guia-de-proteccion-de-datos-en-relaciones-laborales.html]
[tweem.com/detalle-noticia/dynacontent/gestiona-las-vacaciones-de-tu-equipo-con-una-app-desde-tu-movil.html]
[tweem.com/detalle-noticia/dynacontent/de-la-intranet-a-la-app-y-portal-del-empleado.html]
[tweem.com/detalle-noticia/dynacontent/tweem-se-integra-con-maquinas-de-control-horario-de-trabajadores.html]
[tweem.com/detalle-noticia/dynacontent/una-app-para-una-comunicacion-corporativa-exitosa.html]
[tweem.com/detalle-noticia/dynacontent/novedad-automatizacion-de-procesos-de-rrhh-con-tweem..html]
[tweem.com/detalle-noticia/dynacontent/asi-es-el-portal-de-recursos-humanos-mas-facil-de-implantar.html]
[tweem.com/detalle-noticia/dynacontent/como-hacer-el-registro-retributivo-obligatorio-para-adaptarse-a-la-nueva-norma.html]
[tweem.com/detalle-noticia/dynacontent/7-razones-para-una-gestion-digital-de-permisos-y-vacaciones-en-la-nube.html]
[tweem.com/detalle-noticia/dynacontent/nueva-funcionalidad-de-comunicacion-interna-llega-a-tweem-los-canales-de-chat-.html]
[tweem.com/detalle-noticia/dynacontent/reskilling-y-upskilling-formacion-corporativa-en-la-era-de-la-transformacion-digital.html]
[tweem.com/detalle-noticia/dynacontent/impulsa-el-area-de-rrhh-con-una-aplicacion-de-gestion-de-documentos.html]
[tweem.com/detalle-noticia/dynacontent/como-elegir-software-y-maquinas-para-fichar-en-el-trabajo.html]
[tweem.com/detalle-noticia/dynacontent/nueva-actualizacion-del-procedimiento-actuacion-servicios-de-prl-frente-al-covid-19.html]
[tweem.com/detalle-noticia/dynacontent/ofrece-a-tus-empleados-una-app-para-enviar-solicitudes-a-recursos-humanos.html]
[tweem.com/detalle-noticia/dynacontent/por-que-las-empresas-eligen-las-aplicaciones-de-comunicaci-n-interna-.html]
[tweem.com/detalle-noticia/dynacontent/ventajas-de-llevar-un-control-horario-por-proyectos-en-la-empresa.html]
[tweem.com/detalle-noticia/dynacontent/aclarando-dudas-frecuentes-sobre-el-registro-de-jornada-laboral.html]
[tweem.com/detalle-noticia/dynacontent/necesitas-un-programa-de-gestion-de-vacaciones-online.html]
[tweem.com/detalle-noticia/dynacontent/8-funciones-imprescindibles-de-un-software-de-recursos-humanos-online.html]
[tweem.com/detalle-noticia/dynacontent/como-elegir-el-mejor-software-de-control-de-asistencia.html]
[tweem.com/detalle-noticia/dynacontent/descubre-tweem---portal-del-empleado-mediante-una-demo-personalizada.html]
[tweem.com/detalle-noticia/dynacontent/implanta-una-aplicacion-de-firma-de-documentos-para-recursos-humanos.html]
[tweem.com/detalle-noticia/dynacontent/conoce-nuestro-top-5-estos-son-nuestros-5-post-sobre-recursos-humanos-mas-leidos-de-2020.html]
[tweem.com/detalle-noticia/dynacontent/5-beneficios-de-una-app-para-gestion-de-documentos-de-recursos-humanos.html]
[tweem.com/detalle-noticia/dynacontent/10-pasos-para-mejorar-la-comunicacion-interna-entre-diferentes-departamentos-.html]
[tweem.com/detalle-noticia/dynacontent/calendario-laboral-de-2021-de-espana-por-provincias-con-festivos-nacionales-y-regionales.html]
[tweem.com/detalle-noticia/dynacontent/10-razones-para-implantar-un-portal-del-empleado-en-la-nube.html]
[tweem.com/detalle-noticia/dynacontent/calendario-laboral-de-madrid-2021-con-festivos-y-por-semanas.html]
[tweem.com/detalle-noticia/dynacontent/tendencias-de-trabajo-post-covid-digitalizacion-de-los-rrhh.html]
[tweem.com/detalle-noticia/dynacontent/calendario-laboral-de-valencia-2021-con-festivos-y-por-semanas.html]
[tweem.com/detalle-noticia/dynacontent/gestion-digital-de-los-equipos-de-proteccion-individual-epis-en-el-portal-del-empleado-ahorro-de-tiempo-y-dinero.html]
[tweem.com/detalle-noticia/dynacontent/las-7-cualidades-del-candidato-perfecto-para-realizar-teletrabajo.html]
[tweem.com/detalle-noticia/dynacontent/aclarando-dudas-sobre-la-geolocalizacion-en-una-app-de-registro-de-la-jornada..html]
[tweem.com/detalle-noticia/dynacontent/obligacion-del-registro-de-la-jornada-laboral-y-de-las-horas-extraordinarias.html]
[tweem.com/detalle-noticia/dynacontent/consigue-tu-ebook-guia-definitiva-para-teletrabajo.html]
[tweem.com/detalle-noticia/dynacontent/tweem-la-solucion-para-control-horario-tambien-en-modalidad-de-teletrabajo-o-semipresencial.html]
[tweem.com/detalle-noticia/dynacontent/consigue-una-cultura-de-feedback-correcto-en-la-comunicaci-n-interna-de-tu-empresa.html]
[tweem.com/detalle-noticia/dynacontent/ventajas-y-consejos-para-realizar-una-entrevista-mediante-videollamada-reclutamiento-digital.html]
[tweem.com/detalle-noticia/dynacontent/tu-empresa-es-flexible-5-tips-para-saber-si-tu-empresa-es-flexible-en-la-relacion-con-sus-empleados.html]
[tweem.com/detalle-noticia/dynacontent/la-vuelta-a-las-oficinas-sera-hibrida-presencial-y-teletrabajo-para-muchas-empresas.html]
[tweem.com/detalle-noticia/dynacontent/buenas-practicas-de-salud-y-medidas-preventivas-frente-a-los-riesgos-del-teletrabajo-parte-ii.html]
[tweem.com/detalle-noticia/dynacontent/buenas-practicas-de-salud-y-medidas-preventivas-frente-a-los-riesgos-del-teletrabajo-parte-i.html]
[tweem.com/detalle-noticia/dynacontent/como-superar-los-obstaculos-del-trabajo-en-remoto.html]
[tweem.com/detalle-noticia/dynacontent/15-consejos-para-liderar-y-coordinar-equipos-en-remoto.html]
[tweem.com/detalle-noticia/dynacontent/7-consejos-para-lograr-una-comunicacion-interna-eficaz-.html]
[tweem.com/detalle-noticia/dynacontent/que-es-un-portal-del-empleado.html]
[tweem.com/detalle-noticia/dynacontent/novedad-en-tweem-informe-360-del-trabajador.html]
[tweem.com/detalle-noticia/dynacontent/6-preguntas-para-hacer-antes-de-seleccionar-un-portal-del-empleado.html]
[tweem.com/detalle-noticia/dynacontent/estrenamos-nueva-seccion-academy-de-tweem-y-canal-de-youtube.html]
[tweem.com/detalle-noticia/dynacontent/app-de-solicitud-de-dietas-para-viajes.-solicita-tus-gastos-de-viaje-desde-tu-movil.html]
[tweem.com/detalle-noticia/dynacontent/como-elegir-el-mejor-software-de-control-de-vacaciones.html]
[tweem.com/detalle-noticia/dynacontent/procedimiento-de-actuacion-para-los-servicios-de-prevencion-de-riesgos-laborales-frente-a-la-exposicion-al-coronavirus.html]
[tweem.com/detalle-noticia/dynacontent/gestiona-los-documentos-de-recursos-humanos-de-la-empresa-de-forma-centralizada-y-digitalizada.html]
[tweem.com/detalle-noticia/dynacontent/10-consejos-para-ser-mas-productivo-en-modalidad-teletrabajo.html]
[tweem.com/detalle-noticia/dynacontent/coronavirus-y-teletrabajo-como-influye-en-el-registro-horario-en-las-empresas.html]
[tweem.com/detalle-noticia/dynacontent/la-nueva-normalidad-llega-a-las-empresas-en-forma-de-teletrabajo-y-flexibilidad-horaria.-reglas-para-ganar-en-productividad-y-crecer-despues-del-covid-19.1]
[tweem.com/detalle-noticia/dynacontent/covid-19-convierte-el-area-de-recursos-humanos-en-la-mas-importante-para-la-sostenibilidad.html]
[tweem.com/detalle-noticia/dynacontent/7-consejos-para-elegir-tu-software-de-recursos-humanos..html]
[tweem.com/detalle-noticia/dynacontent/ayudas-digitaliza-comunidad-valenciana-para-teletrabajo.-tweem-como-solucion-para-la-digitalizacion-de-las-pymes.html]
[tweem.com/detalle-noticia/dynacontent/8-maneras-de-evitar-que-olviden-fichar-tus-empleados-en-el-sistema-de-control-horario.html]
[tweem.com/detalle-noticia/dynacontent/como-mantener-la-comunicacion-interna-con-tu-equipo-en-modalidad-teletrabajo.html]
[tweem.com/detalle-noticia/dynacontent/7-tips-para-implantar-el-teletrabajo-en-tu-empresa-de-una-forma-rapida-y-sencilla.html]
[tweem.com/detalle-noticia/dynacontent/obten-la-guia-de-buenas-practicas-en-los-centros-de-trabajo-frente-al-covid-19-del-gobierno-de-espana.html]
[tweem.com/detalle-noticia/dynacontent/-tweem-participa-en-la-iniciativa-acelera-pyme-de-red.es-como-solucion-para-teletrabajo.html]
[tweem.com/detalle-noticia/dynacontent/beneficios-teletrajo-en-empresas.html]
[tweem.com/detalle-noticia/dynacontent/informaci-n-relevante-para-empresas-de-reales-decretos--convocatorias-y-resoluciones-por-coronavirus..html]
[tweem.com/detalle-noticia/dynacontent/modelo-oficial-para-descargable-para-los-trabajadores-que-continuan-trabajando-y-necesitan-un-justificante.html]
[tweem.com/detalle-noticia/dynacontent/resumen-nueva-normativa-sobre-el-permiso-retribuido-recuperable-para-la-lucha-contra-el-covid-19.html]
[tweem.com/detalle-noticia/dynacontent/software-nominas-utilizadas.html]
[tweem.com/detalle-noticia/dynacontent/herramientas-trabajo-a-distancia.html]
[tweem.com/detalle-noticia/dynacontent/tecnicas-mejorar-gestion-recursos-humanos.html]
[tweem.com/detalle-noticia/dynacontent/tweem-plataforma-fichaje.html]
[tweem.com/detalle-noticia/dynacontent/implanta-el-teletrabajo-en-tu-empresa-de-una-forma-rapida-y-sencilla-con-tweem---.html]
[tweem.com/detalle-noticia/dynacontent/como-corregir-errores-del-trabajador-al-registrar-la-jornada-laboral-.html]
[tweem.com/detalle-noticia/dynacontent/calendario-laboral-de-castellon-2020-por-semanas-y-con-festivos.html]
[tweem.com/detalle-noticia/dynacontent/vias-de-comunicacion-interna-de-las-empresas-y-engagement-de-los-trabajadores.html]
[tweem.com/detalle-noticia/dynacontent/calendario-laboral-de-alicante-2020-por-semanas-y-con-festivos.html]
[tweem.com/detalle-noticia/dynacontent/como-puedo-fichar-y-registrar-mi-jornada-si-soy-comercial-o-hago-teletrabajo.html]
[tweem.com/detalle-noticia/dynacontent/la-firma-digital-de-documentos-un-paso-hacia-la-transformacion-digital-de-los-recursos-humanos.html]
[tweem.com/detalle-noticia/dynacontent/calendario-laboral-de-valencia-2020-por-semanas-y-con-festivos.html]
[tweem.com/detalle-noticia/dynacontent/inspeccion-de-trabajo-hace-balance-de-los-seis-meses-de-vigencia-del-registro-de-la-jornada.html]
[tweem.com/detalle-noticia/dynacontent/app-de-registro-de-la-jornada-para-fichar-en-el-trabajo-con-el-movil.html]
[tweem.com/home-blog.html]
[tweem.com/kit-digital-ayudas-empresa-digitalizacion-pyme.html]
[tweem.com/detalle-noticia/dynacontent/razones-para-implantar-una-app-y-portal-del-empleado-en-la-empresa-2020.html]
[tweem.com/condiciones-generales-contratacion.html]
[tweem.com/formulario-comenzar-tweem.html]
[tweem.com/informacion-basica-detallada.html]
[tweem.com/dam/worktime/bgHeaderSmall.png]
[www.google.com/recaptcha/api.js]
[tweem.com/contacto-partners.html]
[tweem.com/dam/worktime/waves-shape.svg]
[tweem.com/dam/worktime/tablet-icon-grey.svg]
[tweem.com/POST.html]
[tweem.com/.imaging/mte/bootstrap-framework/full/dam/tweem-blog/imagenes-2023/beneficios-clave-de-la-planificacion-de-horario/jcr_content/beneficios-clave-de-la-planificacion-de-horarios-y-turno]
[tweem.com/detalle-noticia/dynacontent/beneficios-clave-de-la-planificacion-de-horarios-y-turnos-de-tweem-.html]
[tweem.com/.imaging/mte/bootstrap-framework/full/dam/tweem-blog/imagenes/2023/calendario-laboral-murcia-2024_700x394.jpg/jcr_content/calendario laboral murcia 2024_700x394.jpg]
[tweem.com/detalle-noticia/dynacontent/calendario-laboral-de-2024-de-la-region-de-murcia-dias-festivos-nacionales-y-regionales.html]
[tweem.com/solicitud-calendarios.html]
[tweem.com/.imaging/mte/bootstrap-framework/full/dam/tweem-blog/imagenes-2023/eric-rothermel-FoKO4DpXamQ-unsplash-min.jpg/jcr_content/eric-rothermel-FoKO4DpXamQ-unsplash-min.jpg]
[tweem.com/detalle-noticia/dynacontent/gestion-calendarios-turnos-tweem-semana-laboral.html]
[tweem.com/dam/worktime/logo-tweem-color.svg]
[tweem.com/funcionalidades-integracion.html]
[tweem.com/faqs-tweem.html]
[tweem.com/contacto-tweem.html]
[tweem.com/aviso-legal-tweem.html]
[tweem.com/politica-cookies-tweem.html]
[tweem.com/politica-privacidad-tweem.html]
[tweem.com/politica-de-uso-web.html]
[tweem.com/.resources/vbote-worktime-module/webresources/fonts/fontawesome-webfont3e6e.html]
[tweem.com/.resources/vbote-worktime-module/webresources/fonts/fontawesome-webfont3e6e.svg]
[tweem.com/.resources/vbote-worktime-module/webresources/fonts/ElegantIcons.html]
[tweem.com/.resources/vbote-worktime-module/webresources/fonts/ElegantIconsd41d.html]
[tweem.com/.resources/vbote-worktime-module/webresources/fonts/ElegantIcons-2.html]
[tweem.com/.resources/vbote-worktime-module/webresources/fonts/ElegantIcons-3.html]
[tweem.com/.resources/vbote-worktime-module/webresources/fonts/et-line.html]
[tweem.com/.resources/vbote-worktime-module/webresources/fonts/et-lined41d.html]
[tweem.com/.resources/vbote-worktime-module/webresources/fonts/et-line-2.html]
[tweem.com/.resources/vbote-worktime-module/webresources/fonts/et-line-3.html]
[tweem.com/.resources/vbote-worktime-module/webresources/fonts/glyphicons-halflings-regular.svg]
[tweem.com/.resources/vbote-worktime-module/webresources/css/owl.video.play.html]
[tweem.com/.resources/vbote-worktime-module/webresources/img/video-bg.html]
[tweem.com/.resources/vbote-worktime-module/webresources/img/testi-bg.html]
[tweem.com/en_EN/en/news-detail/dynacontent/this-is-the-easiest-human-resources-portal-to-implement.html]
[tweem.com/.imaging/mte/bootstrap-framework/half/dam/tweem-blog/imagenes/2021/Portal-del-empleado-mas-facil-de-implantar.jpg/jcr_content/Portal del empleado mas facil de implantar.jpg]
[tweem.com/en_EN/en/news-detail/dynacontent/7-tips-for-choosing-your-hr-software.html]
[tweem.com/.imaging/mte/bootstrap-framework/half/dam/tweem-blog/imagenes/eleccionSoftwareRRHH.jpg/jcr_content/eleccionSoftwareRRHH.jpg]
[tweem.com/en/home-blog.html]
[tweem.com/en/general-contracting-conditions.html]
[tweem.com/en/starts-form-tweem.html]
[tweem.com/en/data-protection-information.html]
[tweem.com/en/contact-partners.html]
[tweem.com/en/legal-notice-tweem.html]
[tweem.com/en/cookies-policy-tweem.html]
[tweem.com/en/privacy-policy-tweem.html]
[tweem.com/en/website-use-policy.html]
[tweem.com/GET.html]
[tweem.com/tweem-academy-detalle.html]
[tweem.com/tweem-academy-detalle3768.html]
[tweem.com/tweem-academy-2.html]
[tweem.com/home-blog/dynacontent/index.html]
[tweem.com/.resources/vbote-worktime-module/webresources/css/blog.css]
[tweem.com/.imaging/mte/bootstrap-framework/full/dam/tweem-blog/imagenes-2023/calendario-laboral-2024_rotulador_711x400.png/jcr_content/calendario-laboral-2024_rotulador_711x400.png]
[tweem.com/detalle-noticia/dynacontent/calendario-laboral-de-2024-de-andalucia-dias-festivos-nacionales-y-regionales.html]
[tweem.com/.imaging/mte/bootstrap-framework/full/dam/tweem-blog/imagenes-2023/gastos-viaje.jpeg/jcr_content/gastos viaje.jpg]
[tweem.com/detalle-noticia/dynacontent/como-simplificar-gestion-gastos-viaje-dietas-con-tweem.html]
[tweem.com/detalle-noticia/dynacontent/calendario-laboral-de-2024-de-la-comunidad-valenciana,-dias-festivos-nacionales-y-regionales.html]
[tweem.com/.imaging/mte/bootstrap-framework/full/dam/tweem-blog/imagenes/2023/calendario-laboral-comunitat-valenciana_700x393/jcr_content/calendario laboral comunitat valenciana_700x393.13c.dela]
[tweem.com/.imaging/mte/bootstrap-framework/full/dam/tweem-blog/imagenes/2023/calendario-laboral-2024-Madrid_720x433.png/jcr_content/calendario-laboral-2024-Madrid_720x433.png]
[tweem.com/detalle-noticia/dynacontent/calendario-laboral-de-2024-de-la-comunidad-de-madrid-dias-festivos-nacionales-y-regionales.html]
[tweem.com/.imaging/mte/bootstrap-framework/full/dam/tweem-blog/imagenes/2023/calendari_laboral_catalunya_2024_709x420.jpg/jcr_content/calendari_laboral_catalunya_2024_709x420.jpg]
[tweem.com/detalle-noticia/dynacontent/calendario-laboral-de-2024-de-catalunya,-dias-festivos-nacionales-y-regionales.html]
[tweem.com/.imaging/mte/bootstrap-framework/full/dam/tweem-blog/imagenes-2023/towfiqu-barbhuiya-bwOAixLG0uc-unsplash-min.jpg/jcr_content/towfiqu-barbhuiya-bwOAixLG0uc-unsplash-min.jpg]
[tweem.com/detalle-noticia/dynacontent/calendario-laboral-2024-dias-festivos-nacionales-regionales.html]
[tweem.com/.imaging/mte/bootstrap-framework/full/dam/tweem-blog/imagenes-2023/damian-zaleski-RYyr-k3Ysqg-unsplash-min.jpg/jcr_content/damian-zaleski-RYyr-k3Ysqg-unsplash-min.jpg]
[tweem.com/detalle-noticia/dynacontent/firma-digital-documentos-recursos-humanos-tweem.html]
[tweem.com/.imaging/mte/bootstrap-framework/full/dam/tweem-blog/imagenes/2023/anuncio-OAP-showroom-4-oct-2023_500x488.jpg/jcr_content/anuncio OAP showroom 4 oct 2023_500x488.jpg]
[tweem.com/dam/jcr_8839d7da-dd3b-405b-8721-e733e9ae5b55/inscribirse oap showroom.PNG]
[tweem.com/dam/jcr_b0f08e69-e55b-42e0-bac5-dcacd324c5cc/anuncio OAP showroom 4 oct 2023_500x488.jpg]
[tweem.com/detalle-noticia/dynacontent/lnvitamos-al-showroom-de-la-oap-de-femeval-sobre-tweem-portal-del-empleado-en-la-nube-que-facilita-la-gestion-de-tu-equipo.html]
[tweem.com/.imaging/mte/bootstrap-framework/full/dam/tweem-blog/imagenes-2023/austin-distel-wD1LRb9OeEo-unsplash-min.jpg/jcr_content/austin-distel-wD1LRb9OeEo-unsplash-min.jpg]
[tweem.com/detalle-noticia/dynacontent/fomentar-cultura-empresarial-con-tweem.html]
[tweem.com/.imaging/mte/bootstrap-framework/full/dam/tweem-blog/imagenes-2023/helena-lopes-C2WC2ZerF3s-unsplash-min.jpg/jcr_content/helena-lopes-C2WC2ZerF3s-unsplash-min.jpg]
[tweem.com/detalle-noticia/dynacontent/gestiona-permisos-retribuidos-para-cuidar-familiares.html]
[tweem.com/detalle-noticia/dynacontent/imputar-horas-gastos-proyectos-gestion.html]
[tweem.com/.imaging/mte/bootstrap-framework/full/dam/tweem-blog/imagenes-2023/microsoft-edge-Px0X7g1mc8k-unsplash-(1)-(1)-min/jcr_content/microsoft-edge-Px0X7g1mc8k-unsplash (1) (1)-min.146.dela]
[tweem.com/.imaging/mte/bootstrap-framework/full/dam/tweem-blog/imagenes-2023/comprimida.jpg/jcr_content/comprimida.jpg]
[tweem.com/detalle-noticia/dynacontent/software-rrhh-para-optimizar-planificacion-horarios-turnos-trabajo.html]
[tweem.com/.imaging/mte/bootstrap-framework/full/dam/tweem-blog/imagenes-2023/luis-villasmil-4V8uMZx8FYA-unsplash-min.jpg/jcr_content/luis-villasmil-4V8uMZx8FYA-unsplash-min.jpg]
[tweem.com/dam/jcr_287932a9-b520-4571-a1ee-515a534429ac/mimi-thian-vdXMSiX-n6M-unsplash-min 2.jpg]
[tweem.com/detalle-noticia/dynacontent/la-importancia-de-la-gestion-del-talento-en-la-productividad-de-tu-empresa-y-como-nuestro-software-de-rrhh-puede-ayudarte.html]
[tweem.com/.imaging/mte/bootstrap-framework/full/dam/tweem-blog/imagenes-2023/image-(10).png/jcr_content/image (10).png]
[tweem.com/detalle-noticia/dynacontent/importancia-buen-software-gestion-empleados.html]
[tweem.com/.imaging/mte/bootstrap-framework/full/dam/tweem-blog/imagenes-2023/Fotos-blog-web-(1).png/jcr_content/Fotos blog web (1).png]
[tweem.com/dam/jcr_ea3478ad-10ef-4c9c-a8b5-e07cf8f5a58f/Fotos blog web.png]
[tweem.com/detalle-noticia/dynacontent/ley-de-familias-como-va-a-afectar-a-tu-empresa.html]
[tweem.com/dam/jcr_49d909dc-c403-4c3f-9152-a326b29e7ebd/foto texto 5 consejos para mejorar la gesti髇 de empleados y aumentar la productividad en tu empresa.png]
[tweem.com/detalle-noticia/dynacontent/consejos-mejorar-gestion-empleados-aumentar-productividad-empresa.html]
[tweem.com/.imaging/mte/bootstrap-framework/full/dam/tweem-blog/imagenes-2023/5-consejos-para-mejorar-la-gesti贸n-de-empleados/jcr_content/5 consejos para mejorar la gesti贸n de empleados y aument]
[tweem.com/.imaging/mte/bootstrap-framework/full/dam/tweem-blog/imagenes/2023/autovia-camiones-transporte.jpg/jcr_content/autovia-camiones-transporte.jpg]
[tweem.com/dam/jcr_2b6a1926-23dc-4dcf-8a0b-eb76b84ede68/app-tweem-documentos-camioneros_600x375.jpg]
[tweem.com/detalle-noticia/dynacontent/gestion-de-documentos-de-conductores-y-otros-empleados-en-empresas-de-transporte.html]
[tweem.com/.imaging/mte/bootstrap-framework/full/dam/tweem-blog/imagenes/2023/showroom-Tweem-OAP-Femeval-21-marzo-2023.JPG/jcr_content/showroom Tweem OAP Femeval 21 marzo 2023.jpg]
[tweem.com/dam/jcr_dd96584a-d6b7-4982-bb7e-afed0aaaabfb/inscribirse 21032023.JPG]
[tweem.com/detalle-noticia/dynacontent/os-invitamos-al-showroom-en-oap-femeval---tweem--el-portal-del-empleado-en-la-nube-que-facilita-la-gestion-de-tu-equipo.html]
[tweem.com/.imaging/mte/bootstrap-framework/full/dam/tweem-blog/imagenes/2023/canal-denuncias_whistleblower_450.jpg/jcr_content/canal denuncias_whistleblower_450.jpg]
[tweem.com/dam/jcr_8c4e92c5-7f93-4be9-abaa-0b515ebbe585/canal denuncias_whistleblower_450.jpg]
[tweem.com/detalle-noticia/dynacontent/como-afecta-la-nueva-ley-de-proteccion-de-personas-denunciantes-whistleblowing-a-las-empresas.html]
[tweem.com/.imaging/mte/bootstrap-framework/full/dam/tweem-blog/imagenes/2022/Post-tweem-igualdad.png/jcr_content/Post tweem igualdad.png]
[tweem.com/detalle-noticia/dynacontent/obligaciones-legales-para-las-empresas-en-materia-de-libertad-sexual-e-igualdad-entre-mujeres-y-hombres.html]
[tweem.com/.imaging/mte/bootstrap-framework/full/dam/tweem-blog/imagenes/2022/calendario-laboral-2023_500x309.jpg/jcr_content/calendario-laboral-2023_500x309.jpg]
[tweem.com/dam/jcr_3d8931b3-1be0-40bf-a1ac-ce7bf32c206e/calendario-laboral-2023_500x309.jpg]
[tweem.com/detalle-noticia/dynacontent/calendario-laboral-de-2023-dias-festivos-nacionales-y-regionales.html]
[tweem.com/.imaging/mte/bootstrap-framework/full/dam/tweem-blog/imagenes/2022/post-formulario-desempeno2_680x323.jpg/jcr_content/post formulario desempeno2_680x323.jpg]
[tweem.com/dam/jcr_3edafc8c-32a0-4523-b6fe-679f64c76fd8/como formualrio desempeno2_600x338.jpg]
[tweem.com/detalle-noticia/dynacontent/como-crear-un-formulario-de-evaluacion-del-desempeno-2-parte---contenidos-y-preguntas-a-incluir.html]
[tweem.com/dam/jcr_1956c56a-75e8-486a-b630-1eb33365d913/ventajas formulario desempe駉 1_600.jpg]
[tweem.com/detalle-noticia/dynacontent/como-crear-un-formulario-de-evaluacion-del-desempeno-i---formulario-de-evaluacion-del-desempeno--que-es,-ventajas-y-tipos.html]
[tweem.com/.imaging/mte/bootstrap-framework/full/dam/tweem-blog/imagenes/2022/Como-realizar-un-formulario-de-evaluacion-de-de/jcr_content/Como-realizar-un-formulario-de-evaluacion-de-desempe帽o1_]
[tweem.com/.imaging/mte/bootstrap-framework/full/dam/tweem-blog/imagenes/2022/Kit-digital-y-Tweem-rrhh.png/jcr_content/Kit digital y Tweem rrhh.png]
[tweem.com/dam/jcr_1ef4ae20-1b05-4c84-8d0e-f39e5c1e6aca/kit digital y tweem.png]
[tweem.com/detalle-noticia/dynacontent/el-kit-digital-subvenciona-la-digitalizacion-de-los-recursos-humanos-de-tu-empresa.html]
[tweem.com/.imaging/mte/bootstrap-framework/full/dam/tweem-blog/imagenes/2022/Nuevo-asistente-planificar-turnos-Tweem.png/jcr_content/Nuevo asistente planificar turnos Tweem.png]
[tweem.com/funcionalidades-registro-jornada-2.html]
[tweem.com/funcionalidades-comunicacion-interna-2.html]
[tweem.com/funcionalidades-planificacion-proyectos-2.html]
[tweem.com/dam/jcr_307f94a4-fdca-4e41-a515-c45b8edf7fbc/Nuevo asistente planificar turnos Tweem int .png]
[tweem.com/detalle-noticia/dynacontent/nuevo-asistente-planificacion--como-realizar-un-cuadrante-de-turnos-en-tu-empresa.html]
[tweem.com/.imaging/mte/bootstrap-framework/full/dam/tweem-blog/imagenes/2022/Fin-uso-obligatorio-mascarillas-post.png/jcr_content/Fin uso obligatorio mascarillas post.png]
[tweem.com/dam/jcr_ec4ad531-56c2-4c02-b831-67e38395367a/Fin uso obligatorio mascarillas post interior.png]
[tweem.com/detalle-noticia/dynacontent/-criterios-generales-sobre-el-uso-de-mascarillas-en-lugares-de-trabajo.html]
[tweem.com/.imaging/mte/bootstrap-framework/full/dam/tweem-blog/imagenes/2022/Plan-igualdad-post.png/jcr_content/Plan igualdad post.png]
[tweem.com/dam/jcr_3977d1ba-b344-44f3-bdf2-0c7779d3aa0f/flecha plan igualdad.PNG]
[tweem.com/funcionalidades-encuestas-2.html]
[tweem.com/detalle-noticia/dynacontent/como-implantar-un-plan-de-igualdad-en-tu-empresa.html]
[tweem.com/funcionalidades-documentos-2.html]
[tweem.com/.imaging/mte/bootstrap-framework/full/dam/tweem-blog/imagenes/2022/comunicacion-interna-feb-22-portada.png/jcr_content/comunicacion interna feb 22 portada.png]
[tweem.com/dam/jcr_581ba372-81ab-438e-886f-166e997fee43/comunicacion interna int feb 22 .png]
[tweem.com/detalle-noticia/dynacontent/existe-una-buena-comunicacion-interna-en-tu-empresa.html]
[tweem.com/funcionalidades-vacaciones-2.html]
[tweem.com/dam/jcr_8fefd0fb-970e-4016-90ed-6fa81a44ed2b/Interior frma digital rrhh.png]
[tweem.com/detalle-noticia/dynacontent/agiliza-tu-departamento-de-rrhh-con-la-firma-digital.html]
[tweem.com/.imaging/mte/bootstrap-framework/full/dam/tweem-blog/imagenes/2022/Agiliza-tu-Departamento-de-RRHH-con-la-Firma-di/jcr_content/Agiliza tu Departamento de RRHH con la Firma digital .16]
[tweem.com/.imaging/mte/bootstrap-framework/full/dam/tweem-blog/imagenes/2022/Post-5-post-2021portada.png/jcr_content/Post 5 post 2021portada.png]
[tweem.com/dam/jcr_19f7bdc9-0e86-41b0-8d96-24c581a6af02/Post 5 post 2021 interior.png]
[tweem.com/detalle-noticia/dynacontent/conoce-los-5-post-sobre-recursos-humanos-mas-leidos-este-2021.html]
[tweem.com/.imaging/mte/bootstrap-framework/full/dam/tweem-blog/imagenes/2021/Portada-showroom-Tweem-Acelera.png/jcr_content/Portada showroom Tweem Acelera.png]
[tweem.com/dam/jcr_077585ff-7b9b-4c1d-9786-85ab4deb7efa/Inscribirse showroom tweem.PNG]
[tweem.com/detalle-noticia/dynacontent/te-invitamos-al-showroom-sobre-nuestro-software-de-recursos-humanos-en-la-nube-tweem-.html]
[tweem.com/.imaging/mte/bootstrap-framework/full/dam/tweem-blog/imagenes/2021/top-5-mejores-blogs-rrhh.png/jcr_content/top 5 mejores blogs rrhh.png]
[tweem.com/dam/jcr_8774613c-2992-4c54-8f9a-0dd3655b4946/top 5 mejores blogs rrhh Int.png]
[tweem.com/detalle-noticia/dynacontent/top-5-mejores-blogs-de-recursos-humanos-de-2021.html]
[tweem.com/.imaging/mte/bootstrap-framework/full/dam/tweem-blog/imagenes/2021/Calendario-laboral-espana-2022.png/jcr_content/Calendario laboral espana 2022.png]
[tweem.com/funcionalidades-tweem-2.html]
[tweem.com/dam/jcr_b5be009c-4cab-497c-8c35-723017524f71/Descargar calendario laboral 2022.png]
[tweem.com/detalle-noticia/dynacontent/calendario-laboral-de-2022-de-espana-por-provincias-con-festivos-nacionales-y-regionales.html]
[tweem.com/.imaging/mte/bootstrap-framework/full/dam/tweem-blog/imagenes/2021/Calendario-CV-2022.png/jcr_content/Calendario CV 2022.png]
[tweem.com/dam/jcr_6d366fd0-bccb-4570-ba72-06dea60806cd/Calendario CV 2022 int.png]
[tweem.com/detalle-noticia/dynacontent/calendario-laboral-de-2022-de-la-comunitat-valenciana.html]
[tweem.com/.imaging/mte/bootstrap-framework/full/dam/tweem-blog/imagenes/2021/Evaluacion-desempeno-P.png/jcr_content/Evaluacion desempeno P.png]
[tweem.com/funcionalidades-evaluacion-desempeno-2.html]
[tweem.com/dam/jcr_7e7aa464-2dcf-4eeb-bd96-7016bf4cb368/Evaluacion desempeno int.png]
[tweem.com/detalle-noticia/dynacontent/evaluacion-del-desempeno-que-es-y-como-crear-un-sistema-para-tu-empresa.html]
[tweem.com/.imaging/mte/bootstrap-framework/full/dam/tweem-blog/imagenes/2021/Mejorar-clima-laboral-P.png/jcr_content/Mejorar clima laboral P.png]
[tweem.com/dam/jcr_d572603f-a754-4df1-8d2d-28f988ad0ab4/Mejorar clima laboral I.png]
[tweem.com/dam/jcr_7670937f-3365-47bc-932b-d9eaad5bc828/Pide tu demo la quiero.jpg]
[tweem.com/detalle-noticia/dynacontent/quieres-mejorar-el-clima-laboral-de-tu-empresa-te-damos-las-herramientas-para-hacerlo.html]
[tweem.com/.imaging/mte/bootstrap-framework/full/dam/tweem-blog/imagenes/2021/Post-envio-automatizado-nominas.png/jcr_content/Post envio automatizado nominas.png]
[tweem.com/dam/jcr_7fd5e558-5e4d-42b7-8b72-c379948ab4d8/Post envio automatizado nominas I.png]
[tweem.com/dam/jcr_3177e446-8d30-437a-93e2-e7a571a5342b/Boton solicita tu demo tweem.jpg]
[tweem.com/detalle-noticia/dynacontent/envia-automaticamente-todas-las-nominas-de-tu-empresa-desde-un-unico-archivo-pdf.html]
[tweem.com/.imaging/mte/bootstrap-framework/full/dam/tweem-blog/imagenes/2021/Consideraciones-elegir-un-software-de-fichaje-P/jcr_content/Consideraciones elegir un software de fichaje Portada.18]
[tweem.com/dam/jcr_f0e17461-2180-4681-b222-576f46582149/Consideraciones elegir un software de fichaje Interior.jpg]
[tweem.com/detalle-noticia/dynacontent/consideraciones-a-la-hora-de-elegir-un-software-de-fichaje-de-personal-para-mi-empresa.html]
[tweem.com/.imaging/mte/bootstrap-framework/full/dam/tweem-blog/imagenes/2021/8-tips-productividad-proyectos-P-v2.jpg/jcr_content/8 tips productividad proyectos P v2.jpg]
[tweem.com/dam/jcr_168a1650-4b04-41ef-a981-a578a03b7a28/8 tips productividad proyectos I.jpg]
[tweem.com/detalle-noticia/dynacontent/8-tips-de-gestion-del-tiempo-para-ganar-productividad-en-tus-proyectos.html]
[tweem.com/.imaging/mte/bootstrap-framework/full/dam/tweem-blog/imagenes/2021/Comunicacion-empresarial-P.jpg/jcr_content/Comunicacion empresarial P.jpg]
[tweem.com/dam/jcr_ca720e9f-d382-4ba3-8157-675e1f04155c/Comunicacion empresarial I.jpg]
[tweem.com/funcionalidades-notificaciones.html]
[tweem.com/detalle-noticia/dynacontent/la-comunicacion-empresarial-desde-el-area-de-recursos-humanos.html]
[tweem.com/funcionalidades-actualidad.html]
[tweem.com/.imaging/mte/bootstrap-framework/full/dam/tweem-blog/imagenes/2021/Gastos-por-proyectos-P.jpg/jcr_content/Gastos por proyectos P.jpg]
[tweem.com/dam/jcr_47bb8344-048a-4c84-b4bd-1ad5884a8738/App Gastos por proyectos I.jpg]
[tweem.com/dam/jcr_be0f8e3b-fa68-47bb-8f0a-b5dd1b2367db/BOTON DEMO tweem.jpg]
[tweem.com/detalle-noticia/dynacontent/una-app-de-control-de-gastos-para-tus-proyectos.html]
[tweem.com/.imaging/mte/bootstrap-framework/full/dam/tweem-blog/imagenes/2021/Firma-digital-documentos-de-RRHH.JPG/jcr_content/Firma digital documentos de RRHH.jpg]
[tweem.com/funcionalidades-firma-documentos-2.html]
[tweem.com/que-es-tweem-2.html]
[tweem.com/dam/jcr_a5743e32-e0d6-474c-98a5-3894d7231286/Firma digital documentos Int.JPG]
[tweem.com/dam/jcr_fb2ad1cb-65c6-46cf-97da-cb49261a2af8/Tweem portal y app del empleado gratis .jpg]
[tweem.com/detalle-noticia/dynacontent/firma-digital-de-documentos-para-contratos-nominas-circulares.html]
[tweem.com/dam/jcr_d9ea7b3c-ba26-4d12-864c-84ca6bb6454e/Guia del Responsable de Ficheros AEPD.pdf]
[tweem.com/.imaging/mte/bootstrap-framework/full/dam/tweem-blog/imagenes/2021/Portada-post-Guia-proteccion-datos-relaciones-l/jcr_content/Portada post Guia proteccion datos relaciones laborales]
[tweem.com/dam/jcr_40f4e440-d221-464f-9f6e-c6a558150ae4/guia-proteccion-datos-AEPD.pdf]
[tweem.com/dam/jcr_6388c689-8d0d-4cb0-815e-966391bc7b10/guia-videovigilancia- AEPD.pdf]
[tweem.com/dam/jcr_004713ed-0133-4df3-8776-2f3af19c5e5b/Guia-la-proteccion-de-datos-en-las-relaciones-laborales-AEPD.pdf]
[tweem.com/dam/tweem-blog/documentos-Blog-Tweem/Guia-la-proteccion-de-datos-en-las-relaciones-laborales-AEPD.pdf]
[tweem.com/dam/jcr_62c812ca-ed9b-4e80-a550-09dbc6473091/Descargar guia proteccion datos relaciones laborales.jpg]
[tweem.com/detalle-noticia/dynacontent/cual-es-el-objetivo-de-la-guia-de-proteccion-de-datos-en-relaciones-laborales.html]
[tweem.com/detalle-noticia/dynacontent/buscas-un-software-de-recursos-humanos-gratis.html]
[tweem.com/.imaging/mte/bootstrap-framework/full/dam/tweem-blog/imagenes/2021/Gestion-vacaciones-con-el-movil.jpg/jcr_content/Gestion vacaciones con el movil.jpg]
[tweem.com/dam/jcr_2cdf00ab-66e9-443e-806b-55951196ea5e/Gestion vacaciones con el movil Int.jpg]
[tweem.com/detalle-noticia/dynacontent/gestiona-las-vacaciones-de-tu-equipo-con-una-app-desde-tu-movil.html]
[tweem.com/.imaging/mte/bootstrap-framework/full/dam/tweem-blog/imagenes/2021/De-intranet-a-portal-empleado.jpg/jcr_content/De intranet a portal empleado.jpg]
[tweem.com/detalle-noticia/dynacontent/de-la-intranet-a-la-app-y-portal-del-empleado.html]
[tweem.com/.imaging/mte/bootstrap-framework/full/dam/tweem-blog/imagenes/2021/Tweem-se-integra-con-maquinas-de-fichar.jpg/jcr_content/Tweem se integra con maquinas de fichar.jpg]
[tweem.com/dam/jcr_a86995a7-c89c-46ba-a848-9b720d06a87e/tweem se integra con maquinas control accesos.jpg]
[tweem.com/dam/jcr_6bde9f90-bf86-4a01-8d2b-4dbbb0c24eaa/Tweem se integra con maquinas de fichar Int.jpg]
[tweem.com/funcionalidades-solicitudes-2.html]
[tweem.com/dam/jcr_ab9381f5-c9f5-40c2-ae35-3127a9c668ff/Solicita mas informacion.JPG]
[tweem.com/detalle-noticia/dynacontent/tweem-se-integra-con-maquinas-de-control-horario-de-trabajadores.html]
[tweem.com/.imaging/mte/bootstrap-framework/full/dam/tweem-blog/imagenes/2021/Portada-comunicacion-corportiva.jpg/jcr_content/Portada comunicacion corportiva.jpg]
[tweem.com/dam/jcr_25387cb4-f832-4509-bbbf-e011608ce28b/Interior comunicacion corporativa tweem.jpg]
[tweem.com/dam/jcr_df358b51-26bd-4819-8742-f5a329716646/BOTON-COMENZAR-tweem.jpg]
[tweem.com/detalle-noticia/dynacontent/una-app-para-una-comunicacion-corporativa-exitosa.html]
[tweem.com/.imaging/mte/bootstrap-framework/full/dam/tweem-blog/imagenes/2021/Novedad-Tweem-Automatizacion.PNG/jcr_content/Novedad Tweem Automatizacion.png]
[tweem.com/dam/jcr_6fd3f6ab-208a-4de7-b12d-bb32ba6a936a/n8n tweem .PNG]
[tweem.com/dam/jcr_f5fbdf16-f456-43a4-a6fd-0d99907cde28/Captura n8n tweem.PNG]
[tweem.com/dam/jcr_5dcec2f9-e850-4769-aa00-c8114c7c4a42/Automatizaciones cuadro apps .PNG]
[tweem.com/dam/jcr_d650e9ee-c1ee-46ae-8de1-7759bc45f026/Imagen automatizacion n8n tweem .JPG]
[tweem.com/detalle-noticia/dynacontent/novedad-automatizacion-de-procesos-de-rrhh-con-tweem..html]
[tweem.com/.imaging/mte/bootstrap-framework/full/dam/tweem-blog/imagenes/2021/Portal-del-empleado-mas-facil-de-implantar.jpg/jcr_content/Portal del empleado mas facil de implantar.jpg]
[tweem.com/dam/jcr_13635c32-5260-426b-9015-5c30e83f3c91/Portal del empleado mas facil de implantar Int.jpg]
[tweem.com/detalle-noticia/dynacontent/asi-es-el-portal-de-recursos-humanos-mas-facil-de-implantar.html]
[tweem.com/.imaging/mte/bootstrap-framework/full/dam/tweem-blog/imagenes/2021/Registro-salarial-obligatorio-P.jpg/jcr_content/Registro salarial obligatorio P.jpg]
[tweem.com/dam/jcr_768463df-2176-4c58-b5dc-01ca52e4cbc1/Registro salarial obligatorio I.jpg]
[tweem.com/dam/jcr_04071469-b5e5-43d7-8d18-18a68c746631/Icono Descargar plantilla.jpg]
[tweem.com/detalle-noticia/dynacontent/como-hacer-el-registro-retributivo-obligatorio-para-adaptarse-a-la-nueva-norma.html]
[tweem.com/dam/jcr_34a03341-bd95-45f8-98de-861292bfdca0/7 razones para una gestion de permisos y vacaciones digital en la nube.jpg]
[tweem.com/.imaging/mte/bootstrap-framework/full/dam/tweem-blog/imagenes/2021/7-razones-para-una-gestion-de-permisos-y-vacaci/jcr_content/7 razones para una gestion de permisos y vacaciones digi]
[tweem.com/formulario-comenzar-tweem-2.html]
[tweem.com/dam/jcr_14abe692-f0c9-4c99-b05c-9e241785ef45/Boton azul empieza gratis tweem.jpg]
[tweem.com/detalle-noticia/dynacontent/7-razones-para-una-gestion-digital-de-permisos-y-vacaciones-en-la-nube.html]
[tweem.com/.imaging/mte/bootstrap-framework/full/dam/tweem-blog/imagenes/2021/Nueva-funcionalidad-Comunicacion-chat-tweem.jpg/jcr_content/Nueva funcionalidad Comunicacion chat tweem.jpg]
[tweem.com/dam/jcr_976c600d-8f08-4118-b513-61f306867faa/Nueva funcionalidad chat tweem int.jpg]
[tweem.com/detalle-noticia/dynacontent/nueva-funcionalidad-de-comunicacion-interna-llega-a-tweem-los-canales-de-chat-.html]
[tweem.com/dam/jcr_460066c2-944f-4198-9683-d40b15bc50bd/Reskilling upskilling formacion laboral en la era de la transformacion digital I.jpg]
[tweem.com/detalle-noticia/dynacontent/reskilling-y-upskilling-formacion-corporativa-en-la-era-de-la-transformacion-digital.html]
[tweem.com/.imaging/mte/bootstrap-framework/full/dam/tweem-blog/imagenes/2021/Reskilling-upskilling-formacion-laboral-en-la-e/jcr_content/Reskilling upskilling formacion laboral en la era de la]
[tweem.com/dam/jcr_6b77bac2-42c7-41b9-a9c0-5dcf78cab56c/Impulsa el area de rrhh con una app de gestion de documentos FIRMA.png]
[tweem.com/detalle-noticia/dynacontent/impulsa-el-area-de-rrhh-con-una-aplicacion-de-gestion-de-documentos.html]
[tweem.com/.imaging/mte/bootstrap-framework/full/dam/tweem-blog/imagenes/2021/Impulsa-el-area-de-rrhh-con-una-app-de-gestion-/jcr_content/Impulsa el area de rrhh con una app de gestion de docume]
[tweem.com/.imaging/mte/bootstrap-framework/full/dam/tweem-blog/imagenes/Maquinas-de-fichar-en-el-trabajo.jpg/jcr_content/Maquinas de fichar en el trabajo.jpg]
[tweem.com/dam/jcr_98e52079-e5af-4ba0-90a1-fc2ff9047645/Maquinas de fichar huella digital.jpg]
[tweem.com/detalle-noticia/dynacontent/como-elegir-software-y-maquinas-para-fichar-en-el-trabajo.html]
[tweem.com/.imaging/mte/bootstrap-framework/full/dam/tweem-blog/imagenes/Nuevos-procedimientos-covid19.jpg/jcr_content/Nuevos procedimientos covid19.jpg]
[tweem.com/dam/jcr_a3d04ea2-e4b6-407e-8c05-7abe4714b1dd/Proteccion_Trabajadores_SARS-CoV-2-febrero-2021.pdf]
[tweem.com/dam/tweem-blog/documentos-Blog-Tweem/Proteccion_Trabajadores_SARS-CoV-2-febrero-2021.pdf]
[tweem.com/dam/jcr_48214468-ce9c-4db3-b429-a6aa13664ec5/Descargar Actualizacion sobre procedimientos covid.JPG]
[tweem.com/detalle-noticia/dynacontent/nueva-actualizacion-del-procedimiento-actuacion-servicios-de-prl-frente-al-covid-19.html]
[tweem.com/dam/jcr_ebdb9310-e99d-4237-8bdc-4525d9832c27/App solicitud rrhh int.jpg]
[tweem.com/detalle-noticia/dynacontent/ofrece-a-tus-empleados-una-app-para-enviar-solicitudes-a-recursos-humanos.html]
[tweem.com/.imaging/mte/bootstrap-framework/full/dam/tweem-blog/imagenes/App-comunicacion-interna-P.JPG/jcr_content/App-comunicacion-interna-P.jpg]
[tweem.com/.imaging/mte/bootstrap-framework/full/dam/tweem-blog/imagenes/App-solicitudes-dietas-kilometraje-vacaciones-r/jcr_content/App solicitudes dietas kilometraje vacaciones rrhh.1c0.delaye]
[tweem.com/dam/jcr_ad4cd3a5-ce71-45b2-b1fc-f5e1d2221643/App comunicacion interna empleados Int.JPG]
[tweem.com/detalle-noticia/dynacontent/por-que-las-empresas-eligen-las-aplicaciones-de-comunicaci-n-interna-.html]
[tweem.com/contacto-tweem-2.html]
[tweem.com/.imaging/mte/bootstrap-framework/full/dam/tweem-blog/imagenes/Control-Horario-por-Proyectos.JPG/jcr_content/Control Horario por Proyectos.jpg]
[tweem.com/dam/jcr_c74210cb-7bbe-4f09-8bfe-fba391ab065a/Control Horario y asignar horas a proyectos.JPG]
[tweem.com/detalle-noticia/dynacontent/ventajas-de-llevar-un-control-horario-por-proyectos-en-la-empresa.html]
[tweem.com/.imaging/mte/bootstrap-framework/full/dam/tweem-blog/imagenes/Aclarando-dudas-registro-jornada.jpg/jcr_content/Aclarando dudas registro jornada.jpg]
[tweem.com/dam/jcr_03ab5f09-ceb2-4999-b2ef-db6cbff3b3c2/Aclarando dudas sobre registro horario.jpg]
[tweem.com/detalle-noticia/dynacontent/aclarando-dudas-frecuentes-sobre-el-registro-de-jornada-laboral.html]
[tweem.com/.imaging/mte/bootstrap-framework/full/dam/tweem-blog/imagenes/Programa-de-gestion-de-vacaciones-online.jpg/jcr_content/Programa de gestion de vacaciones online.jpg]
[tweem.com/dam/jcr_0e0bbb63-b6ce-4162-a090-ab9f67048597/App programa de gestion de vacaciones online .jpg]
[tweem.com/detalle-noticia/dynacontent/necesitas-un-programa-de-gestion-de-vacaciones-online.html]
[tweem.com/dam/jcr_62e874c4-141d-4638-9fc8-045843d94122/8 funciones de un programa de recursos humanos online.jpg]
[tweem.com/detalle-noticia/dynacontent/8-funciones-imprescindibles-de-un-software-de-recursos-humanos-online.html]
[tweem.com/.imaging/mte/bootstrap-framework/full/dam/tweem-blog/imagenes/post-control-horario-portada-.jpg/jcr_content/post control horario portada .jpg]
[tweem.com/.imaging/mte/bootstrap-framework/full/dam/tweem-blog/imagenes/Portada-8-funciones-de-un-software-de-recursos-/jcr_content/Portada 8 funciones de un software de recursos humanos online]
[tweem.com/dam/jcr_ac95d657-0560-4557-abdd-1a2826d3af81/post elegir el mejor software de control de asistencia int.jpg]
[tweem.com/detalle-noticia/dynacontent/como-elegir-el-mejor-software-de-control-de-asistencia.html]
[tweem.com/.imaging/mte/bootstrap-framework/full/dam/tweem-blog/imagenes/Portada-Demo-personalizada-tweem.jpg/jcr_content/Portada-Demo-personalizada-tweem.jpg]
[tweem.com/dam/jcr_77aac2f2-d03e-40db-83f5-4f38a56bdbb0/Solicita-demo-personalizada-tweem.jpg]
[tweem.com/detalle-noticia/dynacontent/descubre-tweem---portal-del-empleado-mediante-una-demo-personalizada.html]
[tweem.com/.imaging/mte/bootstrap-framework/full/dam/tweem-blog/imagenes/Portada-firma-digital-docs-rrhh.jpg/jcr_content/Portada firma digital docs rrhh.jpg]
[tweem.com/dam/jcr_76c24b64-f650-49ce-9740-a03bc894b975/Post firma digital docs rrhh int.jpg]
[tweem.com/detalle-noticia/dynacontent/implanta-una-aplicacion-de-firma-de-documentos-para-recursos-humanos.html]
[tweem.com/.imaging/mte/bootstrap-framework/full/dam/tweem-blog/imagenes/post-conoce-nuestro-top-5.jpg/jcr_content/post conoce nuestro top 5.jpg]
[tweem.com/dam/jcr_0ebac9c0-2ece-45b8-acda-af347f279baf/top 5-5-Aclarando dudas sobre la Geolocalizacion en una app de registro de la jornada.jpg]
[tweem.com/dam/jcr_cc082808-9a4c-422e-b145-9097c588c339/top 5-4- Consigue tu ebook Guia definitiva para Teletrabajo.jpg]
[tweem.com/dam/jcr_243ab330-1d53-4d7f-85d4-81fcb2cbccdc/top 5-3- 6 preguntas para hacer antes de seleccionar un portal del empleado.jpg]
[tweem.com/dam/jcr_1b55ccca-78cd-402a-b4db-c18ff980d03f/top 5-2-10 consejos para ser mas productivo en modalidad teletrabajo.jpg]
[tweem.com/dam/jcr_dace0eb3-b94a-4543-b36e-0402e1bc625e/top 5-1-15 consejos para liderar y coordinar equipos en remoto.jpg]
[tweem.com/detalle-noticia/dynacontent/conoce-nuestro-top-5-estos-son-nuestros-5-post-sobre-recursos-humanos-mas-leidos-de-2020.html]
[tweem.com/.imaging/mte/bootstrap-framework/full/dam/tweem-blog/imagenes/5-beneficios-app-gestion-documentos-rrhh.jpg/jcr_content/5 beneficios app gestion documentos rrhh.jpg]
[tweem.com/dam/jcr_42cfcc67-5cc8-4d31-bccb-b9fa0ab8b35b/post app gestion documentos RRHH.jpg]
[tweem.com/detalle-noticia/dynacontent/5-beneficios-de-una-app-para-gestion-de-documentos-de-recursos-humanos.html]
[tweem.com/.imaging/mte/bootstrap-framework/full/dam/tweem-blog/imagenes/10-pasos-comunicacion-interna-tweem.jpg/jcr_content/10-pasos-comunicacion-interna-tweem.jpg]
[tweem.com/dam/jcr_1ef3145d-9026-404b-a7e0-c6c72d2c529a/10-pasos-comunicacion-interna-tweem-int.jpg]
[tweem.com/detalle-noticia/dynacontent/10-pasos-para-mejorar-la-comunicacion-interna-entre-diferentes-departamentos-.html]
[tweem.com/.imaging/mte/bootstrap-framework/full/dam/tweem-blog/imagenes/CalendarioLaboral2021.JPG/jcr_content/CalendarioLaboral2021.jpg]
[tweem.com/dam/jcr_4c24f42c-c967-4cdf-a9a5-12d10b2af1da/BotonDescargarCalendario.JPG]
[tweem.com/dam/jcr_29d1819a-7ec6-4e0f-a227-1e0c5006b8b7/Calendario laboral 2021 festivos nacionales.JPG]
[tweem.com/detalle-noticia/dynacontent/calendario-laboral-de-2021-de-espana-por-provincias-con-festivos-nacionales-y-regionales.html]
[tweem.com/.imaging/mte/bootstrap-framework/full/dam/tweem-blog/imagenes/10-razones-portal-del-empleado-nube.jpg/jcr_content/10-razones-portal-del-empleado-nube.jpg]
[tweem.com/dam/jcr_70327087-2000-4b81-8091-61bec80677a9/10-razones-portal-nube-int.jpg]
[tweem.com/detalle-noticia/dynacontent/10-razones-para-implantar-un-portal-del-empleado-en-la-nube.html]
[tweem.com/teletrabajo.html]
[tweem.com/dam/jcr_87b80837-1d22-4097-ab50-2ed476444289/Calendario-Laboral-Madrid-int.PNG]
[tweem.com/detalle-noticia/dynacontent/calendario-laboral-de-madrid-2021-con-festivos-y-por-semanas.html]
[tweem.com/.imaging/mte/bootstrap-framework/full/dam/tweem-blog/imagenes/rrhh-teletrabajo-post-covid-portada.jpg/jcr_content/rrhh-teletrabajo-post-covid-portada.jpg]
[tweem.com/.imaging/mte/bootstrap-framework/full/dam/tweem-blog/imagenes/Calendario-laboral-madrid--Tweem-Portal-de-recu/jcr_content/Calendario laboral madrid -Tweem-Portal de recursos humanos 2]
[tweem.com/teletrabajo-2.html]
[tweem.com/dam/jcr_1b91697a-351d-4e03-b74e-f17545ab03d7/medidas en recursos humanos era post covid.jpg]
[tweem.com/detalle-noticia/dynacontent/tendencias-de-trabajo-post-covid-digitalizacion-de-los-rrhh.html]
[tweem.com/.imaging/mte/bootstrap-framework/full/dam/tweem-blog/imagenes/Portada-Calendario-Valencia-2021.PNG/jcr_content/Portada-Calendario-Valencia-2021.png]
[tweem.com/dam/jcr_51dd3054-f179-4c12-852a-36bba9dbd131/Calendario-Laboral-Valencia-2021.PNG]
[tweem.com/detalle-noticia/dynacontent/calendario-laboral-de-valencia-2021-con-festivos-y-por-semanas.html]
[tweem.com/.imaging/mte/bootstrap-framework/full/dam/tweem-blog/imagenes/GestionEPIportada.png/jcr_content/GestionEPIportada.png]
[tweem.com/dam/jcr_41be56b6-bf72-43af-8047-c76966b361a4/GestionEPIinterior.png]
[tweem.com/dam/jcr_64d32c30-9136-440c-884e-4eaac755f88d/GestionEPIinterior2.png]
[tweem.com/detalle-noticia/dynacontent/gestion-digital-de-los-equipos-de-proteccion-individual-epis-en-el-portal-del-empleado-ahorro-de-tiempo-y-dinero.html]
[tweem.com/.imaging/mte/bootstrap-framework/full/dam/tweem-blog/imagenes/7cualidades-portada2.png/jcr_content/7cualidades-portada2.png]
[tweem.com/dam/jcr_fd663f84-0cd2-4b28-8ee2-c6ab906fff9c/7cualidades-int.png]
[tweem.com/detalle-noticia/dynacontent/las-7-cualidades-del-candidato-perfecto-para-realizar-teletrabajo.html]
[tweem.com/.imaging/mte/bootstrap-framework/full/dam/tweem-blog/imagenes/GeolocalizacionPost4.png/jcr_content/GeolocalizacionPost4.png]
[tweem.com/dam/jcr_d59b65ca-3f1e-42a3-9ed1-91e2dd88d77e/GeolocalizacionInt.png]
[tweem.com/detalle-noticia/dynacontent/aclarando-dudas-sobre-la-geolocalizacion-en-una-app-de-registro-de-la-jornada..html]
[tweem.com/.imaging/mte/bootstrap-framework/full/dam/tweem-blog/imagenes/horasExtraPortada.png/jcr_content/horasExtraPortada.png]
[tweem.com/dam/jcr_29f679c9-e1bc-4969-8a7b-19c587915d5e/HorasExtraInt.jpg]
[tweem.com/detalle-noticia/dynacontent/obligacion-del-registro-de-la-jornada-laboral-y-de-las-horas-extraordinarias.html]
[tweem.com/.imaging/mte/bootstrap-framework/full/dam/tweem-blog/imagenes/guia-teletrabajo-tweem.png/jcr_content/guia-teletrabajo-tweem.png]
[tweem.com/dam/jcr_d5f385e6-4c6b-4727-8c02-53b46f1ca08d/guia-teletrabajo-tweem-interior.png]
[tweem.com/detalle-noticia/dynacontent/consigue-tu-ebook-guia-definitiva-para-teletrabajo.html]
[tweem.com/.imaging/mte/bootstrap-framework/full/dam/tweem-blog/imagenes/Post-Control-Horario-Semipresencial-Portada.jpg/jcr_content/Post Control Horario Semipresencial-Portada.jpg]
[tweem.com/dam/jcr_8ded97af-f084-4049-accd-1f8ccbe0fb1d/Post Control Horario Semipresencial-Interior.jpg]
[tweem.com/detalle-noticia/dynacontent/tweem-la-solucion-para-control-horario-tambien-en-modalidad-de-teletrabajo-o-semipresencial.html]
[tweem.com/dam/jcr_eae8f5df-8ed3-40eb-a44b-3e6904f1809d/Post feedback correcto - Imagen interior(600x450).jpg]
[tweem.com/detalle-noticia/dynacontent/consigue-una-cultura-de-feedback-correcto-en-la-comunicaci-n-interna-de-tu-empresa.html]
[tweem.com/.imaging/mte/bootstrap-framework/full/dam/tweem-blog/imagenes/Post-feedback-correcto---Imagen-Principal-800x5/jcr_content/Post feedback correcto - Imagen Principal(800x533).1f7.delaye]
[tweem.com/.imaging/mte/bootstrap-framework/full/dam/tweem-blog/imagenes/Reclutamiento-digital-portada.jpg/jcr_content/Reclutamiento-digital-portada.jpg]
[tweem.com/dam/jcr_2970a8f1-73c9-44df-9a84-fac63fcb43bb/Reclutamiento-digital-int1.jpg]
[tweem.com/dam/jcr_ef51bed2-649d-4095-b5f1-080b048324a1/Reclutamiento-digital-int2.jpg]
[tweem.com/detalle-noticia/dynacontent/ventajas-y-consejos-para-realizar-una-entrevista-mediante-videollamada-reclutamiento-digital.html]
[tweem.com/.imaging/mte/bootstrap-framework/full/dam/tweem-blog/imagenes/empresa-flexible-portada.jpg/jcr_content/empresa-flexible-portada.jpg]
[tweem.com/dam/jcr_6d154d57-2c88-433a-8cdf-cc620df5eebb/empresa-flexible-int.jpg]
[tweem.com/detalle-noticia/dynacontent/tu-empresa-es-flexible-5-tips-para-saber-si-tu-empresa-es-flexible-en-la-relacion-con-sus-empleados.html]
[tweem.com/.imaging/mte/bootstrap-framework/full/dam/tweem-blog/imagenes/Oficinas-hibridas-portada.jpg/jcr_content/Oficinas-hibridas-portada.jpg]
[tweem.com/dam/jcr_11ec1d4c-1614-4697-900d-21f0074ed85f/Oficinas-hibridas-int.jpg]
[tweem.com/detalle-noticia/dynacontent/la-vuelta-a-las-oficinas-sera-hibrida-presencial-y-teletrabajo-para-muchas-empresas.html]
[tweem.com/.imaging/mte/bootstrap-framework/full/dam/tweem-blog/imagenes/Buenas-practicas-II-portada.jpg/jcr_content/Buenas-practicas-II-portada.jpg]
[tweem.com/dam/jcr_df29a658-d002-4e6d-91f3-e5febc612fe6/Buenas-practicas-II-int.jpg]
[tweem.com/dam/jcr_d43686ab-f54e-4fb7-834a-733ab05b9217/Buenas-practicas-II-int2.jpg]
[tweem.com/detalle-noticia/dynacontent/buenas-practicas-de-salud-y-medidas-preventivas-frente-a-los-riesgos-del-teletrabajo-parte-ii.html]
[tweem.com/.imaging/mte/bootstrap-framework/full/dam/tweem-blog/imagenes/Buenas-practicas-salud-Parte-I.jpg/jcr_content/Buenas-practicas-salud-Parte-I.jpg]
[tweem.com/dam/jcr_24379d8f-3b17-4b41-8cdf-2683b830acf8/Buenas-practica-P-I-Int.jpg]
[tweem.com/dam/jcr_b942ec11-2d61-4881-8473-06a2b6a72794/Buenas-practica-P-I-Int2.jpg]
[tweem.com/detalle-noticia/dynacontent/buenas-practicas-de-salud-y-medidas-preventivas-frente-a-los-riesgos-del-teletrabajo-parte-i.html]
[tweem.com/.imaging/mte/bootstrap-framework/full/dam/tweem-blog/imagenes/superar-obstaculos-teletrabajo.jpg/jcr_content/superar-obstaculos-teletrabajo.jpg]
[tweem.com/dam/jcr_a9c8e217-f596-4d73-997c-cc3fdfdf6273/superar-obstaculos-teletrabajo-int.jpg]
[tweem.com/detalle-noticia/dynacontent/como-superar-los-obstaculos-del-trabajo-en-remoto.html]
[tweem.com/.imaging/mte/bootstrap-framework/full/dam/tweem-blog/imagenes/15-consejos-portada.jpg/jcr_content/15-consejos-portada.jpg]
[tweem.com/dam/jcr_9895b414-ffb3-433e-a4c4-73ed9e141f86/15-consejos-int.jpg]
[tweem.com/dam/jcr_aeeb71a2-0e99-445e-85a1-929967b6f52b/15-consejos-int2.jpg]
[tweem.com/detalle-noticia/dynacontent/15-consejos-para-liderar-y-coordinar-equipos-en-remoto.html]
[tweem.com/.imaging/mte/bootstrap-framework/full/dam/tweem-blog/imagenes/7-consejos-comunicacion.jpg/jcr_content/7-consejos-comunicacion.jpg]
[tweem.com/dam/jcr_7cf54fbd-85aa-4ae3-82d4-4935068cfb77/7-consejos-int.jpg]
[tweem.com/dam/jcr_e3d73406-7a0a-4c90-b98c-8f035ac987c0/7-consejos-int2.jpg]
[tweem.com/detalle-noticia/dynacontent/7-consejos-para-lograr-una-comunicacion-interna-eficaz-.html]
[tweem.com/.imaging/mte/bootstrap-framework/full/dam/tweem-blog/imagenes/Portal-del-empleado.jpg/jcr_content/Portal-del-empleado.jpg]
[tweem.com/dam/jcr_ae74fad3-61c4-4612-b5d1-e99af93c6a4b/interior-portal-empleado.PNG]
[tweem.com/detalle-noticia/dynacontent/que-es-un-portal-del-empleado.html]
[tweem.com/.imaging/mte/bootstrap-framework/full/dam/tweem-blog/imagenes/Novedad-Informe-360.PNG/jcr_content/Novedad-Informe-360.png]
[tweem.com/dam/jcr_cfb02dc7-0a4f-467d-baad-fdace26adefe/tweem360-2.png]
[tweem.com/dam/jcr_3ca3b550-97c5-420a-be5d-c21ab3a4192c/Informe-360-1.jpg]
[tweem.com/dam/jcr_6e00529d-f016-4664-9b80-6fb7ee589c52/Informe-360-2.PNG]
[tweem.com/dam/jcr_5e19fd7b-004c-48fa-8963-b0a5ab738c44/Informe-360-3.jpg]
[tweem.com/detalle-noticia/dynacontent/novedad-en-tweem-informe-360-del-trabajador.html]
[tweem.com/.imaging/mte/bootstrap-framework/full/dam/tweem-blog/imagenes/6preguntasportada.png/jcr_content/6preguntasportada.png]
[tweem.com/dam/jcr_4a2f7ea8-13ea-4f39-98b1-42149669422e/6preguntasdinterior3.png]
[tweem.com/dam/jcr_49c52cb0-beef-43cc-8193-d5c8b7eb8d0d/6preguntasdinterior.png]
[tweem.com/detalle-noticia/dynacontent/6-preguntas-para-hacer-antes-de-seleccionar-un-portal-del-empleado.html]
[tweem.com/.imaging/mte/bootstrap-framework/full/dam/tweem-blog/imagenes/academy-youtube.png/jcr_content/academy-youtube.png]
[tweem.com/detalle-noticia/dynacontent/estrenamos-nueva-seccion-academy-de-tweem-y-canal-de-youtube.html]
[tweem.com/.imaging/mte/bootstrap-framework/full/dam/tweem-blog/imagenes/Solicitud-Gastos-Viaje2.PNG/jcr_content/Solicitud-Gastos-Viaje2.png]
[tweem.com/dam/jcr_c3286574-5560-4dbb-b46c-1f3b953608e4/App_Solicitud_Dietas.PNG]
[tweem.com/detalle-noticia/dynacontent/app-de-solicitud-de-dietas-para-viajes.-solicita-tus-gastos-de-viaje-desde-tu-movil.html]
[tweem.com/.imaging/mte/bootstrap-framework/full/dam/tweem-blog/imagenes/vacaciones-2-ok2.png/jcr_content/vacaciones-2-ok2.png]
[tweem.com/dam/jcr_a260ed41-7bdc-4c08-9b51-6da8178ffdb2/app-gestion-vacaciones-2.jpg]
[tweem.com/detalle-noticia/dynacontent/como-elegir-el-mejor-software-de-control-de-vacaciones.html]
[tweem.com/.imaging/mte/bootstrap-framework/full/dam/tweem-blog/imagenes/portada-PRL-covid19.JPG/jcr_content/portada PRL covid19.jpg]
[tweem.com/dam/jcr_a9df3c49-5921-4f0f-9cbd-39b847757c0f/mascarillas_2.JPG]
[tweem.com/detalle-noticia/dynacontent/procedimiento-de-actuacion-para-los-servicios-de-prevencion-de-riesgos-laborales-frente-a-la-exposicion-al-coronavirus.html]
[tweem.com/.imaging/mte/bootstrap-framework/full/dam/tweem-blog/imagenes/post-documentos-tweem.png/jcr_content/post-documentos-tweem.png]
[tweem.com/dam/jcr_d7cee70a-3bae-4e82-86ce-0192fa566d5a/post-documentos-tweem2.png]
[tweem.com/detalle-noticia/dynacontent/gestiona-los-documentos-de-recursos-humanos-de-la-empresa-de-forma-centralizada-y-digitalizada.html]
[tweem.com/.imaging/mte/bootstrap-framework/full/dam/tweem-blog/imagenes/10_consejos_Productividad.png/jcr_content/10_consejos_Productividad.png]
[tweem.com/dam/jcr_6449eedf-b138-42e6-9bd2-850c2109fb3e/10_consejos_Productividad2.png]
[tweem.com/dam/jcr_2334cbf3-3295-4e6d-bf5d-4f7244daca8b/10_consejos_Productividad_Canvas.png]
[tweem.com/detalle-noticia/dynacontent/10-consejos-para-ser-mas-productivo-en-modalidad-teletrabajo.html]
[tweem.com/landing-teletrabajo.html]
[tweem.com/.imaging/mte/bootstrap-framework/full/dam/tweem-blog/imagenes/Trabajo_Flexible.png/jcr_content/Trabajo_Flexible.png]
[tweem.com/dam/jcr_86526bb0-3cab-4402-a1aa-71960df95f4f/Trabajo_Flexible_2.png]
[tweem.com/detalle-noticia/dynacontent/la-nueva-normalidad-llega-a-las-empresas-en-forma-de-teletrabajo-y-flexibilidad-horaria.-reglas-para-ganar-en-productividad-y-crecer-despues-del-covid-19.1]
[tweem.com/.imaging/mte/bootstrap-framework/full/dam/tweem-blog/imagenes/CovidRegistroTeletrabajo.png/jcr_content/CovidRegistroTeletrabajo.png]
[tweem.com/dam/jcr_8a4a4636-eb5f-4ad1-bccd-53a3a07cc0b0/teletrabajoRegistroCovid.jpg]
[tweem.com/detalle-noticia/dynacontent/coronavirus-y-teletrabajo-como-influye-en-el-registro-horario-en-las-empresas.html]
[tweem.com/.imaging/mte/bootstrap-framework/full/dam/tweem-blog/imagenes/postRRHH-Sostenibilidad9_847x430.jpg/jcr_content/postRRHH-Sostenibilidad9_847x430.jpg]
[tweem.com/dam/jcr_a0043ea8-e0c2-47f6-93d8-8db31130b9e1/postRRHH-Sostenibilidad3_600x400.png]
[tweem.com/detalle-noticia/dynacontent/covid-19-convierte-el-area-de-recursos-humanos-en-la-mas-importante-para-la-sostenibilidad.html]
[tweem.com/.imaging/mte/bootstrap-framework/full/dam/tweem-blog/imagenes/eleccionSoftwareRRHH.jpg/jcr_content/eleccionSoftwareRRHH.jpg]
[tweem.com/detalle-noticia/dynacontent/7-consejos-para-elegir-tu-software-de-recursos-humanos..html]
[tweem.com/.imaging/mte/bootstrap-framework/full/dam/tweem-blog/imagenes/IVACE-Teletrabajo.png/jcr_content/IVACE-Teletrabajo.png]
[tweem.com/detalle-noticia/dynacontent/ayudas-digitaliza-comunidad-valenciana-para-teletrabajo.-tweem-como-solucion-para-la-digitalizacion-de-las-pymes.html]
[tweem.com/.imaging/mte/bootstrap-framework/full/dam/tweem-blog/imagenes/post-olvidar-fichar-software-control-horario.png/jcr_content/post olvidar fichar software control horario.png]
[tweem.com/detalle-noticia/dynacontent/8-maneras-de-evitar-que-olviden-fichar-tus-empleados-en-el-sistema-de-control-horario.html]
[tweem.com/.imaging/mte/bootstrap-framework/full/dam/tweem-blog/imagenes/comunicacionInterna.png/jcr_content/comunicacionInterna.png]
[tweem.com/dam/jcr_e9feb0b5-01b7-4bfc-b994-8046038b429e/hello-c-interna.png]
[tweem.com/detalle-noticia/dynacontent/como-mantener-la-comunicacion-interna-con-tu-equipo-en-modalidad-teletrabajo.html]
[tweem.com/.imaging/mte/bootstrap-framework/full/dam/tweem-blog/imagenes/7-tips-teletrabajo-800x600.jpg/jcr_content/7-tips-teletrabajo-800x600.jpg]
[tweem.com/dam/jcr_4c7b5e7e-f222-4d0f-93f3-0f032423c804/teletrabajo03.png]
[tweem.com/detalle-noticia/dynacontent/7-tips-para-implantar-el-teletrabajo-en-tu-empresa-de-una-forma-rapida-y-sencilla.html]
[tweem.com/.imaging/mte/bootstrap-framework/full/dam/tweem-blog/imagenes/10042020_BuenasPr-aacute-cticas_512x340.jpg/jcr_content/10042020_BuenasPr谩cticas_512x340.jpg]
[tweem.com/detalle-noticia/dynacontent/obten-la-guia-de-buenas-practicas-en-los-centros-de-trabajo-frente-al-covid-19-del-gobierno-de-espana.html]
[tweem.com/.imaging/mte/bootstrap-framework/full/dam/tweem-blog/imagenes/Acelera_695x406.jpg/jcr_content/Acelera_695x406.jpg]
[tweem.com/dam/jcr_b737c6ed-3f7d-4d91-af19-cf215828b8ff/AceleraPyme_450x281.jpg]
[tweem.com/detalle-noticia/dynacontent/-tweem-participa-en-la-iniciativa-acelera-pyme-de-red.es-como-solucion-para-teletrabajo.html]
[tweem.com/.imaging/mte/bootstrap-framework/full/dam/tweem-blog/imagenes/teletrabajo-en-empresas.jpg0/jcr_content/teletrabajo en empresas.jpg]
[tweem.com/detalle-noticia/dynacontent/beneficios-teletrajo-en-empresas.html]
[tweem.com/.imaging/mte/bootstrap-framework/full/dam/tweem-blog/imagenes/ImagenBOE.png/jcr_content/ImagenBOE.png]
[tweem.com/dam/jcr_c7656d3f-5c75-4fb2-b549-e6f2ccb0f65a/1-RDL-11-2020.pdf]
[tweem.com/dam/jcr_9d4507e3-71d7-4ea5-ad90-4311405981b8/2-31_03_2020-Nota-interpretativa-sector-industrial-RDL10-2020.pdf]
[tweem.com/dam/jcr_358bc645-d735-4d96-919b-cf7365a74825/3-BOP-Valencia-30-marzo-2020.pdf]
[tweem.com/dam/jcr_72051df7-4361-44e5-a6f1-e2e3b0f20a93/bases_ayudas_re_activa.pdf]
[tweem.com/dam/jcr_895575ce-a528-4e62-bba1-2213e08d760a/4-BOE-A-2020-4166.pdf]
[tweem.com/dam/jcr_d09ddc8d-5750-4c37-a3eb-0a5b39d6444e/5-BOE-A-2020-4152.pdf]
[tweem.com/dam/jcr_9f2080e8-3130-4a45-8381-61a31f5eac65/6-BOE-A-2020-4155.pdf]
[tweem.com/dam/jcr_bafb1148-7b58-42fc-93df-7b09033af95f/7-BOE-A-2020-4070.pdf]
[tweem.com/dam/jcr_54cef2b3-ce19-4647-b8ce-de16ad3eeb62/8-BOE-355_Crisis_Sanitaria_COVID-19-1.pdf]
[tweem.com/dam/jcr_e4b5294b-3377-4741-a5ad-ba60a8450475/10-200319-INFORME-CUESTIONES-RELACIONADAS-REAL-DECRETO-463_20_SGM.pdf]
[tweem.com/dam/jcr_607aaa49-5b79-4e4f-81ab-1bd7e0101bf2/11-BOE-A-2020-3972.pdf]
[tweem.com/dam/jcr_aedc4b87-998b-4957-a279-6c0204ed17df/12-BOE-A-2020-3692-consolidado.pdf]
[tweem.com/dam/jcr_26952e4d-856f-4fe5-a3e6-5ad228d7622a/13-Modificaciones-Decreto-Ley-Estado-de-Alarma.pdf]
[tweem.com/dam/jcr_37b0cddd-30ae-4832-a75b-d0f902039fdf/14-BOE-A-2020-3824.pdf]
[tweem.com/dam/jcr_5110c9b2-1edd-4b74-a8a6-8e32312e25c8/15-Extracto-RDL-medidas-econoomicas-y-sociales.pdf]
[tweem.com/dam/jcr_6ae4f5e5-65bc-4158-b5e1-4cd8db048e06/16-BOE-A-2020-3776.pdf]
[tweem.com/dam/jcr_984dd7fd-d504-4dc2-a9e7-ced19ce22c1a/17-RD-Estado-de-Alarma.pdf]
[tweem.com/dam/jcr_7cff93d8-59af-4417-bdee-92a7a034806a/18-Real-Decreto_ley-7_2020-de-12-de-marzo-medidas-urgentes-para-responder-al-impacto-economico-del-COVID-19.pdf]
[tweem.com/dam/jcr_491e01d5-60d9-467d-b8d2-b2c9fe911175/19-Real-Decreto-Ley-6-2020.pdf]
[tweem.com/detalle-noticia/dynacontent/informaci-n-relevante-para-empresas-de-reales-decretos--convocatorias-y-resoluciones-por-coronavirus..html]
[tweem.com/.imaging/mte/bootstrap-framework/full/dam/tweem-blog/imagenes/modelo-descargar.png/jcr_content/modelo-descargar.png]
[tweem.com/dam/jcr_1029620a-dd81-423b-bdbe-6799dba767a0/MODELO-DECLARACION-RESPONSABLE.pdf]
[tweem.com/dam/jcr_2bee53bd-8436-436b-8095-7c7e7b310e9f/download-1915749_640.png]
[tweem.com/detalle-noticia/dynacontent/modelo-oficial-para-descargable-para-los-trabajadores-que-continuan-trabajando-y-necesitan-un-justificante.html]
[tweem.com/.imaging/mte/bootstrap-framework/full/dam/tweem-blog/imagenes/nuevas-medidas-covid.png/jcr_content/nuevas-medidas-covid.png]
[tweem.com/detalle-noticia/dynacontent/resumen-nueva-normativa-sobre-el-permiso-retribuido-recuperable-para-la-lucha-contra-el-covid-19.html]
[tweem.com/.imaging/mte/bootstrap-framework/full/dam/tweem-blog/imagenes/software-de-n-minas-.jpg/jcr_content/software de n贸minas .jpg]
[tweem.com/detalle-noticia/dynacontent/software-nominas-utilizadas.html]
[tweem.com/.imaging/mte/bootstrap-framework/full/dam/tweem-blog/imagenes/Post-abril-teletrabajo-.png/jcr_content/Post abril teletrabajo .png]
[tweem.com/detalle-noticia/dynacontent/herramientas-trabajo-a-distancia.html]
[tweem.com/dam/jcr_fd909b48-bc71-45ca-948a-c4fd159ce36b/t閏nicas para mejorar la gesti髇 de recursos humanos en la empresa.png]
[tweem.com/detalle-noticia/dynacontent/tecnicas-mejorar-gestion-recursos-humanos.html]
[tweem.com/.imaging/mte/bootstrap-framework/full/dam/tweem-blog/imagenes/t-cnicas-para-mejorar-la-gesti-n-de-recursos-hu/jcr_content/t茅cnicas para mejorar la gesti贸n de recursos humanos en la em]
[tweem.com/.imaging/mte/bootstrap-framework/full/dam/tweem-blog/imagenes/post-1-tweem.png/jcr_content/post 1 tweem.png]
[tweem.com/detalle-noticia/dynacontent/tweem-plataforma-fichaje.html]
[tweem.com/funcionalidades-notificaciones-2.html]
[tweem.com/.imaging/mte/bootstrap-framework/full/dam/worktime-blog/Implanta-teletrabajo-facil-con-tweem_720x465.jpg/jcr_content/Implanta-teletrabajo-facil-con-tweem_720x465.jpg]
[tweem.com/detalle-noticia/dynacontent/implanta-el-teletrabajo-en-tu-empresa-de-una-forma-rapida-y-sencilla-con-tweem---.html]
[tweem.com/.imaging/mte/bootstrap-framework/full/dam/worktime-blog/CorregirJornada.jpg/jcr_content/CorregirJornada.jpg]
[tweem.com/detalle-noticia/dynacontent/como-corregir-errores-del-trabajador-al-registrar-la-jornada-laboral-.html]
[tweem.com/.imaging/mte/bootstrap-framework/full/dam/worktime-blog/Calendar3.PNG/jcr_content/Calendar3.png]
[tweem.com/dam/jcr_5d314106-3096-4fe5-8df0-a25d0e19b276/Calendario_Castellon_2020.PNG]
[tweem.com/detalle-noticia/dynacontent/calendario-laboral-de-castellon-2020-por-semanas-y-con-festivos.html]
[tweem.com/.imaging/mte/bootstrap-framework/full/dam/worktime-blog/post-comunicacion-engagement-actualidad_600x336.jpg/jcr_content/post-comunicacion-engagement-actualidad_600x336.jpg]
[tweem.com/dam/jcr_82bf0f73-b401-4485-96ca-d1e026577a59/post-comunicacion-engagement-actualidad_600x336.jpg]
[tweem.com/detalle-noticia/dynacontent/vias-de-comunicacion-interna-de-las-empresas-y-engagement-de-los-trabajadores.html]
[tweem.com/funcionalidades-actualidad-2.html]
[tweem.com/.imaging/mte/bootstrap-framework/full/dam/worktime-blog/Calendar2.PNG/jcr_content/Calendar2.png]
[tweem.com/dam/jcr_12e27595-136f-46a4-9b68-d6028fab8a7a/CapturaCalendarioAlicante2020.PNG]
[tweem.com/detalle-noticia/dynacontent/calendario-laboral-de-alicante-2020-por-semanas-y-con-festivos.html]
[tweem.com/.imaging/mte/bootstrap-framework/full/dam/worktime-blog/teletrabajo_blog_worktime_500x333.jpg/jcr_content/teletrabajo_blog_worktime_500x333.jpg]
[tweem.com/dam/jcr_8ba79dc2-a706-4655-9e03-6dc4f210854f/Worktime_multidispositivo_500.png]
[tweem.com/detalle-noticia/dynacontent/como-puedo-fichar-y-registrar-mi-jornada-si-soy-comercial-o-hago-teletrabajo.html]
[tweem.com/.imaging/mte/bootstrap-framework/full/dam/vBote/2020/dedo-smartphone_450x236.jpg/jcr_content/dedo-smartphone_450x236.jpg]
[tweem.com/dam/jcr_dd2e3910-40d5-4461-9b8a-dc918b72db06/dedo-smartphone_450x236.jpg]
[tweem.com/detalle-noticia/dynacontent/la-firma-digital-de-documentos-un-paso-hacia-la-transformacion-digital-de-los-recursos-humanos.html]
[tweem.com/.imaging/mte/bootstrap-framework/full/dam/worktime-blog/calendario-Valencia.PNG/jcr_content/calendario-Valencia.png]
[tweem.com/dam/jcr_4535663d-4ee2-4615-888c-c67ac217d960/Calendario_Laboral-Semanas-Valencia_2020.JPG]
[tweem.com/detalle-noticia/dynacontent/calendario-laboral-de-valencia-2020-por-semanas-y-con-festivos.html]
[tweem.com/.imaging/mte/bootstrap-framework/full/dam/worktime-blog/registro_jornada_horas_extra_empleo_ITSS_800x378.jpg/jcr_content/registro_jornada_horas_extra_empleo_ITSS_800x378.jpg]
[tweem.com/dam/jcr_414aec17-dd12-4c22-984d-575cab607341/cuadros_campana_RegistroJornada y TiempodeTrabajo_2-2019.jpg]
[tweem.com/detalle-noticia/dynacontent/inspeccion-de-trabajo-hace-balance-de-los-seis-meses-de-vigencia-del-registro-de-la-jornada.html]
[tweem.com/.imaging/mte/bootstrap-framework/full/dam/worktime-blog/imagen-post-fichar-con-el-movil-WT-.png/jcr_content/imagen post fichar con el movil WT .png]
[tweem.com/detalle-noticia/dynacontent/app-de-registro-de-la-jornada-para-fichar-en-el-trabajo-con-el-movil.html]
[tweem.com/.imaging/mte/bootstrap-framework/full/dam/worktime-blog/capital-humano-portal-empleado_800x446.jpg/jcr_content/capital-humano-portal-empleado_800x446.jpg]
[tweem.com/detalle-noticia/dynacontent/razones-para-implantar-una-app-y-portal-del-empleado-en-la-empresa-2020.html]
[tweem.com/dam/worktime/step-1.svg]
[tweem.com/dam/worktime/step-2.svg]
[tweem.com/dam/worktime/step-3.svg]
[tweem.com/condiciones-generales-contratacion.html]
[tweem.com/informacion-basica-detallada.html]
[tweem.com/contacto-partners/dynacontent/index.html]
[tweem.com/detalle-noticia/dynacontent/dam/worktime/logo-tweem-color.html]
[tweem.com/detalle-noticia/dynacontent/dam/worktime/cookies-img.html]
[tweem.com/solicitud-calendarios.html]
[tweem.com/contacto-tweem/dynacontent/index.html]
[tweem.com/en_EN/dam/jcr_13635c32-5260-426b-9015-5c30e83f3c91/Portal del empleado mas facil de implantar Int.jpg]
[tweem.com/en/index.html]
[tweem.com/en_EN/en/news-detail/dynacontent/this-is-the-easiest-human-resources-portal-to-implement.html]
[tweem.com/en_EN/en/starts-form-tweem.html]
[tweem.com/en_EN/en/news-detail/dynacontent/7-tips-for-choosing-your-hr-software.html]
[tweem.com/en/POST.html]
[tweem.com/en/general-contracting-conditions.html]
[tweem.com/en/data-protection-information.html]
[tweem.com/tweem/en/data-protection-information.html]
[tweem.com/tweem-academy-detalle.html]
[tweem.com/tweem-academy-2.html]
[tweem.com/home-blog/dynacontent.html]
[tweem.com/detalle-noticia/dynacontent/oap.html]
[tweem.com/funcionalidades-registro-jornada-2.html]
[tweem.com/funcionalidades-comunicacion-interna-2.html]
[tweem.com/funcionalidades-planificacion-proyectos-2.html]
[tweem.com/funcionalidades-encuestas-2.html]
[tweem.com/funcionalidades-documentos-2.html]
[tweem.com/funcionalidades-vacaciones-2.html]
[tweem.com/funcionalidades-tweem-2.html]
[tweem.com/funcionalidades-evaluacion-desempeno-2.html]
[tweem.com/funcionalidades-notificaciones.html]
[tweem.com/en_EN/en/contact-partners.html]
[tweem.com/dam/worktime/funcionalidad-actualidad.jpg]
[tweem.com/funcionalidades-actualidad.html]
[tweem.com/funcionalidades-firma-documentos-2.html]
[tweem.com/que-es-tweem-2.html]
[tweem.com/detalle-noticia/dynacontent/buscas-un-software-de-recursos-humanos-gratis.html]
[tweem.com/funcionalidades-solicitudes-2.html]
[tweem.com/formulario-comenzar-tweem-2.html]
[tweem.com/contacto-tweem-2.html]
[tweem.com/dam/worktime/teletrabajo1.jpg]
[tweem.com/teletrabajo.html]
[tweem.com/teletrabajo-2.html]
[tweem.com/dam/worktime/bg-teleworking.jpg]
[tweem.com/dam/worktime/checkin-phone-teleworking.png]
[tweem.com/landing-teletrabajo.html]
[tweem.com/detalle-noticia/dynacontent/Fichar desde el smartphone con tweem.html]
[tweem.com/funcionalidades-notificaciones-2.html]
[tweem.com/funcionalidades-actualidad-2.html]
[tweem.com/contacto-partners/dynacontent.html]
[tweem.com/contacto-tweem/dynacontent.html]
[tweem.com/en/index.html]
[tweem.com/en_EN/en/starts-form-tweem.html]
[tweem.com/en_EN/en/contact-partners.html]
[tweem.com/en/dam/worktime/cookies-img.html]
[tweem.com/en_EN/en/POST.html]
